Archive member included to satisfy reference by file (symbol)

c:/st/stm32cubeide_1.9.0/stm32cubeide/plugins/com.st.stm32cube.ide.mcu.externaltools.gnu-tools-for-stm32.10.3-2021.10.win32_1.0.200.202301161003/tools/bin/../lib/gcc/arm-none-eabi/10.3.1/../../../../arm-none-eabi/lib/thumb/v7e-m+fp/hard\libc_nano.a(lib_a-errno.o)
                              ./Core/Src/syscalls.o (__errno)
c:/st/stm32cubeide_1.9.0/stm32cubeide/plugins/com.st.stm32cube.ide.mcu.externaltools.gnu-tools-for-stm32.10.3-2021.10.win32_1.0.200.202301161003/tools/bin/../lib/gcc/arm-none-eabi/10.3.1/../../../../arm-none-eabi/lib/thumb/v7e-m+fp/hard\libc_nano.a(lib_a-exit.o)
                              c:/st/stm32cubeide_1.9.0/stm32cubeide/plugins/com.st.stm32cube.ide.mcu.externaltools.gnu-tools-for-stm32.10.3-2021.10.win32_1.0.200.202301161003/tools/bin/../lib/gcc/arm-none-eabi/10.3.1/../../../../arm-none-eabi/lib/thumb/v7e-m+fp/hard/crt0.o (exit)
c:/st/stm32cubeide_1.9.0/stm32cubeide/plugins/com.st.stm32cube.ide.mcu.externaltools.gnu-tools-for-stm32.10.3-2021.10.win32_1.0.200.202301161003/tools/bin/../lib/gcc/arm-none-eabi/10.3.1/../../../../arm-none-eabi/lib/thumb/v7e-m+fp/hard\libc_nano.a(lib_a-impure.o)
                              c:/st/stm32cubeide_1.9.0/stm32cubeide/plugins/com.st.stm32cube.ide.mcu.externaltools.gnu-tools-for-stm32.10.3-2021.10.win32_1.0.200.202301161003/tools/bin/../lib/gcc/arm-none-eabi/10.3.1/../../../../arm-none-eabi/lib/thumb/v7e-m+fp/hard\libc_nano.a(lib_a-exit.o) (_global_impure_ptr)
c:/st/stm32cubeide_1.9.0/stm32cubeide/plugins/com.st.stm32cube.ide.mcu.externaltools.gnu-tools-for-stm32.10.3-2021.10.win32_1.0.200.202301161003/tools/bin/../lib/gcc/arm-none-eabi/10.3.1/../../../../arm-none-eabi/lib/thumb/v7e-m+fp/hard\libc_nano.a(lib_a-init.o)
                              c:/st/stm32cubeide_1.9.0/stm32cubeide/plugins/com.st.stm32cube.ide.mcu.externaltools.gnu-tools-for-stm32.10.3-2021.10.win32_1.0.200.202301161003/tools/bin/../lib/gcc/arm-none-eabi/10.3.1/../../../../arm-none-eabi/lib/thumb/v7e-m+fp/hard/crt0.o (__libc_init_array)
c:/st/stm32cubeide_1.9.0/stm32cubeide/plugins/com.st.stm32cube.ide.mcu.externaltools.gnu-tools-for-stm32.10.3-2021.10.win32_1.0.200.202301161003/tools/bin/../lib/gcc/arm-none-eabi/10.3.1/../../../../arm-none-eabi/lib/thumb/v7e-m+fp/hard\libc_nano.a(lib_a-memset.o)
                              c:/st/stm32cubeide_1.9.0/stm32cubeide/plugins/com.st.stm32cube.ide.mcu.externaltools.gnu-tools-for-stm32.10.3-2021.10.win32_1.0.200.202301161003/tools/bin/../lib/gcc/arm-none-eabi/10.3.1/../../../../arm-none-eabi/lib/thumb/v7e-m+fp/hard/crt0.o (memset)
c:/st/stm32cubeide_1.9.0/stm32cubeide/plugins/com.st.stm32cube.ide.mcu.externaltools.gnu-tools-for-stm32.10.3-2021.10.win32_1.0.200.202301161003/tools/bin/../lib/gcc/arm-none-eabi/10.3.1/thumb/v7e-m+fp/hard\libgcc.a(_aeabi_uldivmod.o)
                              ./Drivers/STM32L4xx_HAL_Driver/Src/stm32l4xx_hal_uart.o (__aeabi_uldivmod)
c:/st/stm32cubeide_1.9.0/stm32cubeide/plugins/com.st.stm32cube.ide.mcu.externaltools.gnu-tools-for-stm32.10.3-2021.10.win32_1.0.200.202301161003/tools/bin/../lib/gcc/arm-none-eabi/10.3.1/thumb/v7e-m+fp/hard\libgcc.a(_udivmoddi4.o)
                              c:/st/stm32cubeide_1.9.0/stm32cubeide/plugins/com.st.stm32cube.ide.mcu.externaltools.gnu-tools-for-stm32.10.3-2021.10.win32_1.0.200.202301161003/tools/bin/../lib/gcc/arm-none-eabi/10.3.1/thumb/v7e-m+fp/hard\libgcc.a(_aeabi_uldivmod.o) (__udivmoddi4)
c:/st/stm32cubeide_1.9.0/stm32cubeide/plugins/com.st.stm32cube.ide.mcu.externaltools.gnu-tools-for-stm32.10.3-2021.10.win32_1.0.200.202301161003/tools/bin/../lib/gcc/arm-none-eabi/10.3.1/thumb/v7e-m+fp/hard\libgcc.a(_dvmd_tls.o)
                              c:/st/stm32cubeide_1.9.0/stm32cubeide/plugins/com.st.stm32cube.ide.mcu.externaltools.gnu-tools-for-stm32.10.3-2021.10.win32_1.0.200.202301161003/tools/bin/../lib/gcc/arm-none-eabi/10.3.1/thumb/v7e-m+fp/hard\libgcc.a(_aeabi_uldivmod.o) (__aeabi_ldiv0)

Discarded input sections

 .text          0x0000000000000000        0x0 c:/st/stm32cubeide_1.9.0/stm32cubeide/plugins/com.st.stm32cube.ide.mcu.externaltools.gnu-tools-for-stm32.10.3-2021.10.win32_1.0.200.202301161003/tools/bin/../lib/gcc/arm-none-eabi/10.3.1/thumb/v7e-m+fp/hard/crti.o
 .data          0x0000000000000000        0x0 c:/st/stm32cubeide_1.9.0/stm32cubeide/plugins/com.st.stm32cube.ide.mcu.externaltools.gnu-tools-for-stm32.10.3-2021.10.win32_1.0.200.202301161003/tools/bin/../lib/gcc/arm-none-eabi/10.3.1/thumb/v7e-m+fp/hard/crti.o
 .bss           0x0000000000000000        0x0 c:/st/stm32cubeide_1.9.0/stm32cubeide/plugins/com.st.stm32cube.ide.mcu.externaltools.gnu-tools-for-stm32.10.3-2021.10.win32_1.0.200.202301161003/tools/bin/../lib/gcc/arm-none-eabi/10.3.1/thumb/v7e-m+fp/hard/crti.o
[...]
Memory Configuration

Name             Origin             Length             Attributes
RAM              0x0000000020000000 0x0000000000028000 xrw
RAM2             0x0000000010000000 0x0000000000008000 xrw
FLASH            0x0000000008000000 0x0000000000080000 xr
*default*        0x0000000000000000 0xffffffffffffffff

Linker script and memory map

LOAD c:/st/stm32cubeide_1.9.0/stm32cubeide/plugins/com.st.stm32cube.ide.mcu.externaltools.gnu-tools-for-stm32.10.3-2021.10.win32_1.0.200.202301161003/tools/bin/../lib/gcc/arm-none-eabi/10.3.1/thumb/v7e-m+fp/hard/crti.o
LOAD c:/st/stm32cubeide_1.9.0/stm32cubeide/plugins/com.st.stm32cube.ide.mcu.externaltools.gnu-tools-for-stm32.10.3-2021.10.win32_1.0.200.202301161003/tools/bin/../lib/gcc/arm-none-eabi/10.3.1/thumb/v7e-m+fp/hard/crtbegin.o
LOAD c:/st/stm32cubeide_1.9.0/stm32cubeide/plugins/com.st.stm32cube.ide.mcu.externaltools.gnu-tools-for-stm32.10.3-2021.10.win32_1.0.200.202301161003/tools/bin/../lib/gcc/arm-none-eabi/10.3.1/../../../../arm-none-eabi/lib/thumb/v7e-m+fp/hard/crt0.o
LOAD ./Core/Src/crc.o
LOAD ./Core/Src/dma.o
LOAD ./Core/Src/gpio.o
LOAD ./Core/Src/i2c.o
LOAD ./Core/Src/main.o
LOAD ./Core/Src/spi.o
LOAD ./Core/Src/stm32l4xx_hal_msp.o
LOAD ./Core/Src/stm32l4xx_it.o
LOAD ./Core/Src/syscalls.o
LOAD ./Core/Src/sysmem.o
LOAD ./Core/Src/system_stm32l4xx.o
LOAD ./Core/Src/tim.o
LOAD ./Core/Src/usart.o
LOAD ./Core/Startup/startup_stm32l452retx.o
LOAD ./Drivers/STM32L4xx_HAL_Driver/Src/stm32l4xx_hal.o
LOAD ./Drivers/STM32L4xx_HAL_Driver/Src/stm32l4xx_hal_cortex.o
LOAD ./Drivers/STM32L4xx_HAL_Driver/Src/stm32l4xx_hal_crc.o
LOAD ./Drivers/STM32L4xx_HAL_Driver/Src/stm32l4xx_hal_crc_ex.o
LOAD ./Drivers/STM32L4xx_HAL_Driver/Src/stm32l4xx_hal_dma.o
LOAD ./Drivers/STM32L4xx_HAL_Driver/Src/stm32l4xx_hal_dma_ex.o
LOAD ./Drivers/STM32L4xx_HAL_Driver/Src/stm32l4xx_hal_exti.o
LOAD ./Drivers/STM32L4xx_HAL_Driver/Src/stm32l4xx_hal_flash.o
LOAD ./Drivers/STM32L4xx_HAL_Driver/Src/stm32l4xx_hal_flash_ex.o
LOAD ./Drivers/STM32L4xx_HAL_Driver/Src/stm32l4xx_hal_flash_ramfunc.o
LOAD ./Drivers/STM32L4xx_HAL_Driver/Src/stm32l4xx_hal_gpio.o
LOAD ./Drivers/STM32L4xx_HAL_Driver/Src/stm32l4xx_hal_i2c.o
LOAD ./Drivers/STM32L4xx_HAL_Driver/Src/stm32l4xx_hal_i2c_ex.o
LOAD ./Drivers/STM32L4xx_HAL_Driver/Src/stm32l4xx_hal_pcd.o
LOAD ./Drivers/STM32L4xx_HAL_Driver/Src/stm32l4xx_hal_pcd_ex.o
LOAD ./Drivers/STM32L4xx_HAL_Driver/Src/stm32l4xx_hal_pwr.o
LOAD ./Drivers/STM32L4xx_HAL_Driver/Src/stm32l4xx_hal_pwr_ex.o
LOAD ./Drivers/STM32L4xx_HAL_Driver/Src/stm32l4xx_hal_rcc.o
LOAD ./Drivers/STM32L4xx_HAL_Driver/Src/stm32l4xx_hal_rcc_ex.o
LOAD ./Drivers/STM32L4xx_HAL_Driver/Src/stm32l4xx_hal_spi.o
LOAD ./Drivers/STM32L4xx_HAL_Driver/Src/stm32l4xx_hal_spi_ex.o
LOAD ./Drivers/STM32L4xx_HAL_Driver/Src/stm32l4xx_hal_tim.o
LOAD ./Drivers/STM32L4xx_HAL_Driver/Src/stm32l4xx_hal_tim_ex.o
LOAD ./Drivers/STM32L4xx_HAL_Driver/Src/stm32l4xx_hal_uart.o
LOAD ./Drivers/STM32L4xx_HAL_Driver/Src/stm32l4xx_hal_uart_ex.o
LOAD ./Drivers/STM32L4xx_HAL_Driver/Src/stm32l4xx_ll_usb.o
LOAD ./Middlewares/ST/STM32_USB_Device_Library/Class/CDC/Src/usbd_cdc.o
LOAD ./Middlewares/ST/STM32_USB_Device_Library/Core/Src/usbd_core.o
LOAD ./Middlewares/ST/STM32_USB_Device_Library/Core/Src/usbd_ctlreq.o
LOAD ./Middlewares/ST/STM32_USB_Device_Library/Core/Src/usbd_ioreq.o
LOAD ./USB_DEVICE/App/usb_device.o
LOAD ./USB_DEVICE/App/usbd_cdc_if.o
LOAD ./USB_DEVICE/App/usbd_desc.o
LOAD ./USB_DEVICE/Target/usbd_conf.o
START GROUP
LOAD c:/st/stm32cubeide_1.9.0/stm32cubeide/plugins/com.st.stm32cube.ide.mcu.externaltools.gnu-tools-for-stm32.10.3-2021.10.win32_1.0.200.202301161003/tools/bin/../lib/gcc/arm-none-eabi/10.3.1/../../../../arm-none-eabi/lib/thumb/v7e-m+fp/hard\libc_nano.a
LOAD c:/st/stm32cubeide_1.9.0/stm32cubeide/plugins/com.st.stm32cube.ide.mcu.externaltools.gnu-tools-for-stm32.10.3-2021.10.win32_1.0.200.202301161003/tools/bin/../lib/gcc/arm-none-eabi/10.3.1/../../../../arm-none-eabi/lib/thumb/v7e-m+fp/hard\libm.a
END GROUP
START GROUP
LOAD c:/st/stm32cubeide_1.9.0/stm32cubeide/plugins/com.st.stm32cube.ide.mcu.externaltools.gnu-tools-for-stm32.10.3-2021.10.win32_1.0.200.202301161003/tools/bin/../lib/gcc/arm-none-eabi/10.3.1/thumb/v7e-m+fp/hard\libgcc.a
LOAD c:/st/stm32cubeide_1.9.0/stm32cubeide/plugins/com.st.stm32cube.ide.mcu.externaltools.gnu-tools-for-stm32.10.3-2021.10.win32_1.0.200.202301161003/tools/bin/../lib/gcc/arm-none-eabi/10.3.1/../../../../arm-none-eabi/lib/thumb/v7e-m+fp/hard\libc_nano.a
END GROUP
START GROUP
LOAD c:/st/stm32cubeide_1.9.0/stm32cubeide/plugins/com.st.stm32cube.ide.mcu.externaltools.gnu-tools-for-stm32.10.3-2021.10.win32_1.0.200.202301161003/tools/bin/../lib/gcc/arm-none-eabi/10.3.1/thumb/v7e-m+fp/hard\libgcc.a
LOAD c:/st/stm32cubeide_1.9.0/stm32cubeide/plugins/com.st.stm32cube.ide.mcu.externaltools.gnu-tools-for-stm32.10.3-2021.10.win32_1.0.200.202301161003/tools/bin/../lib/gcc/arm-none-eabi/10.3.1/../../../../arm-none-eabi/lib/thumb/v7e-m+fp/hard\libc_nano.a
LOAD c:/st/stm32cubeide_1.9.0/stm32cubeide/plugins/com.st.stm32cube.ide.mcu.externaltools.gnu-tools-for-stm32.10.3-2021.10.win32_1.0.200.202301161003/tools/bin/../lib/gcc/arm-none-eabi/10.3.1/../../../../arm-none-eabi/lib/thumb/v7e-m+fp/hard\libnosys.a
END GROUP
START GROUP
LOAD c:/st/stm32cubeide_1.9.0/stm32cubeide/plugins/com.st.stm32cube.ide.mcu.externaltools.gnu-tools-for-stm32.10.3-2021.10.win32_1.0.200.202301161003/tools/bin/../lib/gcc/arm-none-eabi/10.3.1/thumb/v7e-m+fp/hard\libgcc.a
LOAD c:/st/stm32cubeide_1.9.0/stm32cubeide/plugins/com.st.stm32cube.ide.mcu.externaltools.gnu-tools-for-stm32.10.3-2021.10.win32_1.0.200.202301161003/tools/bin/../lib/gcc/arm-none-eabi/10.3.1/../../../../arm-none-eabi/lib/thumb/v7e-m+fp/hard\libc_nano.a
LOAD c:/st/stm32cubeide_1.9.0/stm32cubeide/plugins/com.st.stm32cube.ide.mcu.externaltools.gnu-tools-for-stm32.10.3-2021.10.win32_1.0.200.202301161003/tools/bin/../lib/gcc/arm-none-eabi/10.3.1/../../../../arm-none-eabi/lib/thumb/v7e-m+fp/hard\libnosys.a
END GROUP
LOAD c:/st/stm32cubeide_1.9.0/stm32cubeide/plugins/com.st.stm32cube.ide.mcu.externaltools.gnu-tools-for-stm32.10.3-2021.10.win32_1.0.200.202301161003/tools/bin/../lib/gcc/arm-none-eabi/10.3.1/thumb/v7e-m+fp/hard/crtend.o
LOAD c:/st/stm32cubeide_1.9.0/stm32cubeide/plugins/com.st.stm32cube.ide.mcu.externaltools.gnu-tools-for-stm32.10.3-2021.10.win32_1.0.200.202301161003/tools/bin/../lib/gcc/arm-none-eabi/10.3.1/thumb/v7e-m+fp/hard/crtn.o
                0x0000000020028000                _estack = (ORIGIN (RAM) + LENGTH (RAM))
                0x0000000000000200                _Min_Heap_Size = 0x200
                0x0000000000000400                _Min_Stack_Size = 0x400

.isr_vector     0x0000000008000000      0x194
                0x0000000008000000                . = ALIGN (0x4)
 *(.isr_vector)
 .isr_vector    0x0000000008000000      0x194 ./Core/Startup/startup_stm32l452retx.o
                0x0000000008000000                g_pfnVectors
                0x0000000008000194                . = ALIGN (0x4)

.text           0x0000000008000194     0xbbdc
                0x0000000008000194                . = ALIGN (0x4)
 *(.text)
 .text          0x0000000008000194       0x40 c:/st/stm32cubeide_1.9.0/stm32cubeide/plugins/com.st.stm32cube.ide.mcu.externaltools.gnu-tools-for-stm32.10.3-2021.10.win32_1.0.200.202301161003/tools/bin/../lib/gcc/arm-none-eabi/10.3.1/thumb/v7e-m+fp/hard/crtbegin.o
 .text          0x00000000080001d4       0x30 c:/st/stm32cubeide_1.9.0/stm32cubeide/plugins/com.st.stm32cube.ide.mcu.externaltools.gnu-tools-for-stm32.10.3-2021.10.win32_1.0.200.202301161003/tools/bin/../lib/gcc/arm-none-eabi/10.3.1/thumb/v7e-m+fp/hard\libgcc.a(_aeabi_uldivmod.o)
                0x00000000080001d4                __aeabi_uldivmod
 .text          0x0000000008000204      0x2d0 c:/st/stm32cubeide_1.9.0/stm32cubeide/plugins/com.st.stm32cube.ide.mcu.externaltools.gnu-tools-for-stm32.10.3-2021.10.win32_1.0.200.202301161003/tools/bin/../lib/gcc/arm-none-eabi/10.3.1/thumb/v7e-m+fp/hard\libgcc.a(_udivmoddi4.o)
                0x0000000008000204                __udivmoddi4
 .text          0x00000000080004d4        0x4 c:/st/stm32cubeide_1.9.0/stm32cubeide/plugins/com.st.stm32cube.ide.mcu.externaltools.gnu-tools-for-stm32.10.3-2021.10.win32_1.0.200.202301161003/tools/bin/../lib/gcc/arm-none-eabi/10.3.1/thumb/v7e-m+fp/hard\libgcc.a(_dvmd_tls.o)
                0x00000000080004d4                __aeabi_idiv0
                0x00000000080004d4                __aeabi_ldiv0
 *(.text*)
 .text.MX_CRC_Init
                0x00000000080004d8       0x44 ./Core/Src/crc.o
                0x00000000080004d8                MX_CRC_Init
 .text.HAL_CRC_MspInit
                0x000000000800051c       0x40 ./Core/Src/crc.o
                0x000000000800051c                HAL_CRC_MspInit
 .text.MX_DMA_Init
                0x000000000800055c       0x3c ./Core/Src/dma.o
                0x000000000800055c                MX_DMA_Init
 .text.MX_GPIO_Init
                0x0000000008000598      0x290 ./Core/Src/gpio.o
                0x0000000008000598                MX_GPIO_Init
 .text.MX_I2C1_Init
                0x0000000008000828       0x80 ./Core/Src/i2c.o
                0x0000000008000828                MX_I2C1_Init
 .text.MX_I2C4_Init
                0x00000000080008a8       0x84 ./Core/Src/i2c.o
                0x00000000080008a8                MX_I2C4_Init
 .text.HAL_I2C_MspInit
                0x000000000800092c      0x14c ./Core/Src/i2c.o
                0x000000000800092c                HAL_I2C_MspInit
 .text.main     0x0000000008000a78       0x3e ./Core/Src/main.o
                0x0000000008000a78                main
 .text.SystemClock_Config
                0x0000000008000ab6       0xae ./Core/Src/main.o
                0x0000000008000ab6                SystemClock_Config
 .text.Error_Handler
                0x0000000008000b64        0xa ./Core/Src/main.o
                0x0000000008000b64                Error_Handler
 *fill*         0x0000000008000b6e        0x2 
 .text.MX_SPI1_Init
                0x0000000008000b70       0x7c ./Core/Src/spi.o
                0x0000000008000b70                MX_SPI1_Init
 .text.MX_SPI3_Init
                0x0000000008000bec       0x7c ./Core/Src/spi.o
                0x0000000008000bec                MX_SPI3_Init
 .text.HAL_SPI_MspInit
                0x0000000008000c68      0x154 ./Core/Src/spi.o
                0x0000000008000c68                HAL_SPI_MspInit
 .text.HAL_MspInit
                0x0000000008000dbc       0x48 ./Core/Src/stm32l4xx_hal_msp.o
                0x0000000008000dbc                HAL_MspInit
 .text.NMI_Handler
                0x0000000008000e04        0x6 ./Core/Src/stm32l4xx_it.o
                0x0000000008000e04                NMI_Handler
 .text.HardFault_Handler
                0x0000000008000e0a        0x6 ./Core/Src/stm32l4xx_it.o
                0x0000000008000e0a                HardFault_Handler
 .text.MemManage_Handler
                0x0000000008000e10        0x6 ./Core/Src/stm32l4xx_it.o
                0x0000000008000e10                MemManage_Handler
 .text.BusFault_Handler
                0x0000000008000e16        0x6 ./Core/Src/stm32l4xx_it.o
                0x0000000008000e16                BusFault_Handler
 .text.UsageFault_Handler
                0x0000000008000e1c        0x6 ./Core/Src/stm32l4xx_it.o
                0x0000000008000e1c                UsageFault_Handler
 .text.SVC_Handler
                0x0000000008000e22        0xe ./Core/Src/stm32l4xx_it.o
                0x0000000008000e22                SVC_Handler
 .text.DebugMon_Handler
                0x0000000008000e30        0xe ./Core/Src/stm32l4xx_it.o
                0x0000000008000e30                DebugMon_Handler
 .text.PendSV_Handler
                0x0000000008000e3e        0xe ./Core/Src/stm32l4xx_it.o
                0x0000000008000e3e                PendSV_Handler
 .text.SysTick_Handler
                0x0000000008000e4c        0xc ./Core/Src/stm32l4xx_it.o
                0x0000000008000e4c                SysTick_Handler
 .text.EXTI1_IRQHandler
                0x0000000008000e58        0xe ./Core/Src/stm32l4xx_it.o
                0x0000000008000e58                EXTI1_IRQHandler
 .text.EXTI9_5_IRQHandler
                0x0000000008000e66        0xe ./Core/Src/stm32l4xx_it.o
                0x0000000008000e66                EXTI9_5_IRQHandler
 .text.USART2_IRQHandler
                0x0000000008000e74       0x14 ./Core/Src/stm32l4xx_it.o
                0x0000000008000e74                USART2_IRQHandler
 .text.USART3_IRQHandler
                0x0000000008000e88       0x14 ./Core/Src/stm32l4xx_it.o
                0x0000000008000e88                USART3_IRQHandler
 .text.EXTI15_10_IRQHandler
                0x0000000008000e9c       0x10 ./Core/Src/stm32l4xx_it.o
                0x0000000008000e9c                EXTI15_10_IRQHandler
 .text.SPI3_IRQHandler
                0x0000000008000eac       0x14 ./Core/Src/stm32l4xx_it.o
                0x0000000008000eac                SPI3_IRQHandler
 .text.DMA2_Channel2_IRQHandler
                0x0000000008000ec0       0x14 ./Core/Src/stm32l4xx_it.o
                0x0000000008000ec0                DMA2_Channel2_IRQHandler
 .text.USB_IRQHandler
                0x0000000008000ed4       0x14 ./Core/Src/stm32l4xx_it.o
                0x0000000008000ed4                USB_IRQHandler
 .text.SystemInit
                0x0000000008000ee8       0x24 ./Core/Src/system_stm32l4xx.o
                0x0000000008000ee8                SystemInit
 .text.MX_TIM3_Init
                0x0000000008000f0c       0xf0 ./Core/Src/tim.o
                0x0000000008000f0c                MX_TIM3_Init
 .text.HAL_TIM_Base_MspInit
                0x0000000008000ffc       0x40 ./Core/Src/tim.o
                0x0000000008000ffc                HAL_TIM_Base_MspInit
 .text.HAL_TIM_MspPostInit
                0x000000000800103c       0x70 ./Core/Src/tim.o
                0x000000000800103c                HAL_TIM_MspPostInit
 .text.MX_USART1_UART_Init
                0x00000000080010ac       0x60 ./Core/Src/usart.o
                0x00000000080010ac                MX_USART1_UART_Init
 .text.MX_USART2_UART_Init
                0x000000000800110c       0x60 ./Core/Src/usart.o
                0x000000000800110c                MX_USART2_UART_Init
 .text.MX_USART3_UART_Init
                0x000000000800116c       0x60 ./Core/Src/usart.o
                0x000000000800116c                MX_USART3_UART_Init
 .text.HAL_UART_MspInit
                0x00000000080011cc      0x1f0 ./Core/Src/usart.o
                0x00000000080011cc                HAL_UART_MspInit
 .text.Reset_Handler
                0x00000000080013bc       0x50 ./Core/Startup/startup_stm32l452retx.o
                0x00000000080013bc                Reset_Handler
 .text.Default_Handler
                0x000000000800140c        0x2 ./Core/Startup/startup_stm32l452retx.o
                0x000000000800140c                RTC_Alarm_IRQHandler
                0x000000000800140c                EXTI2_IRQHandler
                0x000000000800140c                TIM1_CC_IRQHandler
                0x000000000800140c                TSC_IRQHandler
                0x000000000800140c                TAMP_STAMP_IRQHandler
                0x000000000800140c                EXTI3_IRQHandler
                0x000000000800140c                LPTIM2_IRQHandler
                0x000000000800140c                DFSDM1_FLT1_IRQHandler
                0x000000000800140c                I2C3_ER_IRQHandler
                0x000000000800140c                EXTI0_IRQHandler
                0x000000000800140c                I2C2_EV_IRQHandler
                0x000000000800140c                CAN1_RX0_IRQHandler
                0x000000000800140c                FPU_IRQHandler
                0x000000000800140c                TIM1_UP_TIM16_IRQHandler
                0x000000000800140c                SPI1_IRQHandler
                0x000000000800140c                TIM6_DAC_IRQHandler
                0x000000000800140c                DMA1_Channel4_IRQHandler
                0x000000000800140c                ADC1_IRQHandler
                0x000000000800140c                DMA1_Channel7_IRQHandler
                0x000000000800140c                CAN1_RX1_IRQHandler
                0x000000000800140c                DMA2_Channel1_IRQHandler
                0x000000000800140c                QUADSPI_IRQHandler
                0x000000000800140c                I2C1_EV_IRQHandler
                0x000000000800140c                DMA1_Channel6_IRQHandler
                0x000000000800140c                UART4_IRQHandler
                0x000000000800140c                DMA2_Channel4_IRQHandler
                0x000000000800140c                TIM3_IRQHandler
                0x000000000800140c                RCC_IRQHandler
                0x000000000800140c                TIM1_TRG_COM_IRQHandler
                0x000000000800140c                DMA1_Channel1_IRQHandler
                0x000000000800140c                Default_Handler
                0x000000000800140c                DMA2_Channel7_IRQHandler
                0x000000000800140c                SDMMC1_IRQHandler
                0x000000000800140c                I2C3_EV_IRQHandler
                0x000000000800140c                RTC_WKUP_IRQHandler
                0x000000000800140c                PVD_PVM_IRQHandler
                0x000000000800140c                SPI2_IRQHandler
                0x000000000800140c                CAN1_TX_IRQHandler
                0x000000000800140c                DMA2_Channel5_IRQHandler
                0x000000000800140c                CRS_IRQHandler
                0x000000000800140c                DMA1_Channel5_IRQHandler
                0x000000000800140c                EXTI4_IRQHandler
                0x000000000800140c                RNG_IRQHandler
                0x000000000800140c                DMA1_Channel3_IRQHandler
                0x000000000800140c                COMP_IRQHandler
                0x000000000800140c                WWDG_IRQHandler
                0x000000000800140c                I2C4_EV_IRQHandler
                0x000000000800140c                LPUART1_IRQHandler
                0x000000000800140c                DMA2_Channel6_IRQHandler
                0x000000000800140c                TIM2_IRQHandler
                0x000000000800140c                DFSDM1_FLT0_IRQHandler
                0x000000000800140c                I2C2_ER_IRQHandler
                0x000000000800140c                DMA1_Channel2_IRQHandler
                0x000000000800140c                CAN1_SCE_IRQHandler
                0x000000000800140c                FLASH_IRQHandler
                0x000000000800140c                USART1_IRQHandler
                0x000000000800140c                I2C1_ER_IRQHandler
                0x000000000800140c                LPTIM1_IRQHandler
                0x000000000800140c                I2C4_ER_IRQHandler
                0x000000000800140c                SAI1_IRQHandler
                0x000000000800140c                DMA2_Channel3_IRQHandler
                0x000000000800140c                TIM1_BRK_TIM15_IRQHandler
 .text.HAL_Init
                0x000000000800140e       0x30 ./Drivers/STM32L4xx_HAL_Driver/Src/stm32l4xx_hal.o
                0x000000000800140e                HAL_Init
 *fill*         0x000000000800143e        0x2 
 .text.HAL_InitTick
                0x0000000008001440       0x78 ./Drivers/STM32L4xx_HAL_Driver/Src/stm32l4xx_hal.o
                0x0000000008001440                HAL_InitTick
 .text.HAL_IncTick
                0x00000000080014b8       0x28 ./Drivers/STM32L4xx_HAL_Driver/Src/stm32l4xx_hal.o
                0x00000000080014b8                HAL_IncTick
 .text.HAL_GetTick
                0x00000000080014e0       0x18 ./Drivers/STM32L4xx_HAL_Driver/Src/stm32l4xx_hal.o
                0x00000000080014e0                HAL_GetTick
 .text.__NVIC_SetPriorityGrouping
                0x00000000080014f8       0x48 ./Drivers/STM32L4xx_HAL_Driver/Src/stm32l4xx_hal_cortex.o
 .text.__NVIC_GetPriorityGrouping
                0x0000000008001540       0x1c ./Drivers/STM32L4xx_HAL_Driver/Src/stm32l4xx_hal_cortex.o
 .text.__NVIC_EnableIRQ
                0x000000000800155c       0x3c ./Drivers/STM32L4xx_HAL_Driver/Src/stm32l4xx_hal_cortex.o
 .text.__NVIC_SetPriority
                0x0000000008001598       0x54 ./Drivers/STM32L4xx_HAL_Driver/Src/stm32l4xx_hal_cortex.o
 .text.NVIC_EncodePriority
                0x00000000080015ec       0x66 ./Drivers/STM32L4xx_HAL_Driver/Src/stm32l4xx_hal_cortex.o
 *fill*         0x0000000008001652        0x2 
 .text.SysTick_Config
                0x0000000008001654       0x44 ./Drivers/STM32L4xx_HAL_Driver/Src/stm32l4xx_hal_cortex.o
 .text.HAL_NVIC_SetPriorityGrouping
                0x0000000008001698       0x16 ./Drivers/STM32L4xx_HAL_Driver/Src/stm32l4xx_hal_cortex.o
                0x0000000008001698                HAL_NVIC_SetPriorityGrouping
 .text.HAL_NVIC_SetPriority
                0x00000000080016ae       0x38 ./Drivers/STM32L4xx_HAL_Driver/Src/stm32l4xx_hal_cortex.o
                0x00000000080016ae                HAL_NVIC_SetPriority
 .text.HAL_NVIC_EnableIRQ
                0x00000000080016e6       0x1c ./Drivers/STM32L4xx_HAL_Driver/Src/stm32l4xx_hal_cortex.o
                0x00000000080016e6                HAL_NVIC_EnableIRQ
 .text.HAL_SYSTICK_Config
                0x0000000008001702       0x18 ./Drivers/STM32L4xx_HAL_Driver/Src/stm32l4xx_hal_cortex.o
                0x0000000008001702                HAL_SYSTICK_Config
 *fill*         0x000000000800171a        0x2 
 .text.HAL_CRC_Init
                0x000000000800171c       0xc8 ./Drivers/STM32L4xx_HAL_Driver/Src/stm32l4xx_hal_crc.o
                0x000000000800171c                HAL_CRC_Init
 .text.HAL_CRCEx_Polynomial_Set
                0x00000000080017e4      0x10c ./Drivers/STM32L4xx_HAL_Driver/Src/stm32l4xx_hal_crc_ex.o
                0x00000000080017e4                HAL_CRCEx_Polynomial_Set
 .text.HAL_DMA_Init
                0x00000000080018f0      0x170 ./Drivers/STM32L4xx_HAL_Driver/Src/stm32l4xx_hal_dma.o
                0x00000000080018f0                HAL_DMA_Init
 .text.HAL_DMA_Abort
                0x0000000008001a60       0x7c ./Drivers/STM32L4xx_HAL_Driver/Src/stm32l4xx_hal_dma.o
                0x0000000008001a60                HAL_DMA_Abort
 .text.HAL_DMA_Abort_IT
                0x0000000008001adc       0x82 ./Drivers/STM32L4xx_HAL_Driver/Src/stm32l4xx_hal_dma.o
                0x0000000008001adc                HAL_DMA_Abort_IT
 .text.HAL_DMA_IRQHandler
                0x0000000008001b5e      0x15e ./Drivers/STM32L4xx_HAL_Driver/Src/stm32l4xx_hal_dma.o
                0x0000000008001b5e                HAL_DMA_IRQHandler
 .text.HAL_GPIO_Init
                0x0000000008001cbc      0x2f4 ./Drivers/STM32L4xx_HAL_Driver/Src/stm32l4xx_hal_gpio.o
                0x0000000008001cbc                HAL_GPIO_Init
 .text.HAL_GPIO_WritePin
                0x0000000008001fb0       0x30 ./Drivers/STM32L4xx_HAL_Driver/Src/stm32l4xx_hal_gpio.o
                0x0000000008001fb0                HAL_GPIO_WritePin
 .text.HAL_GPIO_EXTI_IRQHandler
                0x0000000008001fe0       0x30 ./Drivers/STM32L4xx_HAL_Driver/Src/stm32l4xx_hal_gpio.o
                0x0000000008001fe0                HAL_GPIO_EXTI_IRQHandler
 .text.HAL_GPIO_EXTI_Callback
                0x0000000008002010       0x16 ./Drivers/STM32L4xx_HAL_Driver/Src/stm32l4xx_hal_gpio.o
                0x0000000008002010                HAL_GPIO_EXTI_Callback
 .text.HAL_I2C_Init
                0x0000000008002026      0x11e ./Drivers/STM32L4xx_HAL_Driver/Src/stm32l4xx_hal_i2c.o
                0x0000000008002026                HAL_I2C_Init
 .text.HAL_I2CEx_ConfigAnalogFilter
                0x0000000008002144       0x96 ./Drivers/STM32L4xx_HAL_Driver/Src/stm32l4xx_hal_i2c_ex.o
                0x0000000008002144                HAL_I2CEx_ConfigAnalogFilter
 .text.HAL_I2CEx_ConfigDigitalFilter
                0x00000000080021da       0x98 ./Drivers/STM32L4xx_HAL_Driver/Src/stm32l4xx_hal_i2c_ex.o
                0x00000000080021da                HAL_I2CEx_ConfigDigitalFilter
 *fill*         0x0000000008002272        0x2 
 .text.HAL_I2CEx_EnableFastModePlus
                0x0000000008002274       0x40 ./Drivers/STM32L4xx_HAL_Driver/Src/stm32l4xx_hal_i2c_ex.o
                0x0000000008002274                HAL_I2CEx_EnableFastModePlus
 .text.HAL_PCD_Init
                0x00000000080022b4      0x22e ./Drivers/STM32L4xx_HAL_Driver/Src/stm32l4xx_hal_pcd.o
                0x00000000080022b4                HAL_PCD_Init
 .text.HAL_PCD_Start
                0x00000000080024e2       0x44 ./Drivers/STM32L4xx_HAL_Driver/Src/stm32l4xx_hal_pcd.o
                0x00000000080024e2                HAL_PCD_Start
 .text.HAL_PCD_IRQHandler
                0x0000000008002526      0x24e ./Drivers/STM32L4xx_HAL_Driver/Src/stm32l4xx_hal_pcd.o
                0x0000000008002526                HAL_PCD_IRQHandler
 .text.HAL_PCD_SetAddress
                0x0000000008002774       0x4a ./Drivers/STM32L4xx_HAL_Driver/Src/stm32l4xx_hal_pcd.o
                0x0000000008002774                HAL_PCD_SetAddress
 .text.HAL_PCD_EP_Open
                0x00000000080027be       0xd0 ./Drivers/STM32L4xx_HAL_Driver/Src/stm32l4xx_hal_pcd.o
                0x00000000080027be                HAL_PCD_EP_Open
 .text.HAL_PCD_EP_Close
                0x000000000800288e       0x94 ./Drivers/STM32L4xx_HAL_Driver/Src/stm32l4xx_hal_pcd.o
                0x000000000800288e                HAL_PCD_EP_Close
 .text.HAL_PCD_EP_Receive
                0x0000000008002922       0x7c ./Drivers/STM32L4xx_HAL_Driver/Src/stm32l4xx_hal_pcd.o
                0x0000000008002922                HAL_PCD_EP_Receive
 .text.HAL_PCD_EP_GetRxCount
                0x000000000800299e       0x30 ./Drivers/STM32L4xx_HAL_Driver/Src/stm32l4xx_hal_pcd.o
                0x000000000800299e                HAL_PCD_EP_GetRxCount
 .text.HAL_PCD_EP_Transmit
                0x00000000080029ce       0x88 ./Drivers/STM32L4xx_HAL_Driver/Src/stm32l4xx_hal_pcd.o
                0x00000000080029ce                HAL_PCD_EP_Transmit
 .text.HAL_PCD_EP_SetStall
                0x0000000008002a56       0xc4 ./Drivers/STM32L4xx_HAL_Driver/Src/stm32l4xx_hal_pcd.o
                0x0000000008002a56                HAL_PCD_EP_SetStall
 .text.HAL_PCD_EP_ClrStall
                0x0000000008002b1a       0xac ./Drivers/STM32L4xx_HAL_Driver/Src/stm32l4xx_hal_pcd.o
                0x0000000008002b1a                HAL_PCD_EP_ClrStall
 .text.PCD_EP_ISR_Handler
                0x0000000008002bc6      0x77a ./Drivers/STM32L4xx_HAL_Driver/Src/stm32l4xx_hal_pcd.o
 .text.HAL_PCD_EP_DB_Receive
                0x0000000008003340      0x212 ./Drivers/STM32L4xx_HAL_Driver/Src/stm32l4xx_hal_pcd.o
 .text.HAL_PCD_EP_DB_Transmit
                0x0000000008003552      0x79c ./Drivers/STM32L4xx_HAL_Driver/Src/stm32l4xx_hal_pcd.o
 .text.HAL_PCDEx_PMAConfig
                0x0000000008003cee       0x8a ./Drivers/STM32L4xx_HAL_Driver/Src/stm32l4xx_hal_pcd_ex.o
                0x0000000008003cee                HAL_PCDEx_PMAConfig
 .text.HAL_PCDEx_ActivateLPM
                0x0000000008003d78       0x54 ./Drivers/STM32L4xx_HAL_Driver/Src/stm32l4xx_hal_pcd_ex.o
                0x0000000008003d78                HAL_PCDEx_ActivateLPM
 .text.HAL_PWREx_GetVoltageRange
                0x0000000008003dcc       0x1c ./Drivers/STM32L4xx_HAL_Driver/Src/stm32l4xx_hal_pwr_ex.o
                0x0000000008003dcc                HAL_PWREx_GetVoltageRange
 .text.HAL_PWREx_ControlVoltageScaling
                0x0000000008003de8       0xac ./Drivers/STM32L4xx_HAL_Driver/Src/stm32l4xx_hal_pwr_ex.o
                0x0000000008003de8                HAL_PWREx_ControlVoltageScaling
 .text.HAL_PWREx_EnableVddUSB
                0x0000000008003e94       0x20 ./Drivers/STM32L4xx_HAL_Driver/Src/stm32l4xx_hal_pwr_ex.o
                0x0000000008003e94                HAL_PWREx_EnableVddUSB
 .text.HAL_RCC_OscConfig
                0x0000000008003eb4      0x828 ./Drivers/STM32L4xx_HAL_Driver/Src/stm32l4xx_hal_rcc.o
                0x0000000008003eb4                HAL_RCC_OscConfig
 .text.HAL_RCC_ClockConfig
                0x00000000080046dc      0x200 ./Drivers/STM32L4xx_HAL_Driver/Src/stm32l4xx_hal_rcc.o
                0x00000000080046dc                HAL_RCC_ClockConfig
 .text.HAL_RCC_GetSysClockFreq
                0x00000000080048dc      0x118 ./Drivers/STM32L4xx_HAL_Driver/Src/stm32l4xx_hal_rcc.o
                0x00000000080048dc                HAL_RCC_GetSysClockFreq
 .text.HAL_RCC_GetHCLKFreq
                0x00000000080049f4       0x18 ./Drivers/STM32L4xx_HAL_Driver/Src/stm32l4xx_hal_rcc.o
                0x00000000080049f4                HAL_RCC_GetHCLKFreq
 .text.HAL_RCC_GetPCLK1Freq
                0x0000000008004a0c       0x2c ./Drivers/STM32L4xx_HAL_Driver/Src/stm32l4xx_hal_rcc.o
                0x0000000008004a0c                HAL_RCC_GetPCLK1Freq
 .text.HAL_RCC_GetPCLK2Freq
                0x0000000008004a38       0x2c ./Drivers/STM32L4xx_HAL_Driver/Src/stm32l4xx_hal_rcc.o
                0x0000000008004a38                HAL_RCC_GetPCLK2Freq
 .text.RCC_SetFlashLatencyFromMSIRange
                0x0000000008004a64       0xc0 ./Drivers/STM32L4xx_HAL_Driver/Src/stm32l4xx_hal_rcc.o
 .text.HAL_RCCEx_PeriphCLKConfig
                0x0000000008004b24      0x4d8 ./Drivers/STM32L4xx_HAL_Driver/Src/stm32l4xx_hal_rcc_ex.o
                0x0000000008004b24                HAL_RCCEx_PeriphCLKConfig
 .text.RCCEx_PLLSAI1_Config
                0x0000000008004ffc      0x1e4 ./Drivers/STM32L4xx_HAL_Driver/Src/stm32l4xx_hal_rcc_ex.o
 .text.HAL_SPI_Init
                0x00000000080051e0      0x146 ./Drivers/STM32L4xx_HAL_Driver/Src/stm32l4xx_hal_spi.o
                0x00000000080051e0                HAL_SPI_Init
 *fill*         0x0000000008005326        0x2 
 .text.HAL_SPI_IRQHandler
                0x0000000008005328      0x200 ./Drivers/STM32L4xx_HAL_Driver/Src/stm32l4xx_hal_spi.o
                0x0000000008005328                HAL_SPI_IRQHandler
 .text.HAL_SPI_ErrorCallback
                0x0000000008005528       0x14 ./Drivers/STM32L4xx_HAL_Driver/Src/stm32l4xx_hal_spi.o
                0x0000000008005528                HAL_SPI_ErrorCallback
 .text.SPI_DMAAbortOnError
                0x000000000800553c       0x2a ./Drivers/STM32L4xx_HAL_Driver/Src/stm32l4xx_hal_spi.o
 .text.HAL_TIM_Base_Init
                0x0000000008005566       0xae ./Drivers/STM32L4xx_HAL_Driver/Src/stm32l4xx_hal_tim.o
                0x0000000008005566                HAL_TIM_Base_Init
 .text.HAL_TIM_PWM_Init
                0x0000000008005614       0xae ./Drivers/STM32L4xx_HAL_Driver/Src/stm32l4xx_hal_tim.o
                0x0000000008005614                HAL_TIM_PWM_Init
 .text.HAL_TIM_PWM_MspInit
                0x00000000080056c2       0x14 ./Drivers/STM32L4xx_HAL_Driver/Src/stm32l4xx_hal_tim.o
                0x00000000080056c2                HAL_TIM_PWM_MspInit
 *fill*         0x00000000080056d6        0x2 
 .text.HAL_TIM_PWM_ConfigChannel
                0x00000000080056d8      0x228 ./Drivers/STM32L4xx_HAL_Driver/Src/stm32l4xx_hal_tim.o
                0x00000000080056d8                HAL_TIM_PWM_ConfigChannel
 .text.HAL_TIM_ConfigClockSource
                0x0000000008005900      0x192 ./Drivers/STM32L4xx_HAL_Driver/Src/stm32l4xx_hal_tim.o
                0x0000000008005900                HAL_TIM_ConfigClockSource
 *fill*         0x0000000008005a92        0x2 
 .text.TIM_Base_SetConfig
                0x0000000008005a94       0xdc ./Drivers/STM32L4xx_HAL_Driver/Src/stm32l4xx_hal_tim.o
                0x0000000008005a94                TIM_Base_SetConfig
 .text.TIM_OC1_SetConfig
                0x0000000008005b70       0xf8 ./Drivers/STM32L4xx_HAL_Driver/Src/stm32l4xx_hal_tim.o
 .text.TIM_OC2_SetConfig
                0x0000000008005c68       0xf4 ./Drivers/STM32L4xx_HAL_Driver/Src/stm32l4xx_hal_tim.o
                0x0000000008005c68                TIM_OC2_SetConfig
 .text.TIM_OC3_SetConfig
                0x0000000008005d5c       0xf0 ./Drivers/STM32L4xx_HAL_Driver/Src/stm32l4xx_hal_tim.o
 .text.TIM_OC4_SetConfig
                0x0000000008005e4c       0xbc ./Drivers/STM32L4xx_HAL_Driver/Src/stm32l4xx_hal_tim.o
 .text.TIM_OC5_SetConfig
                0x0000000008005f08       0xb0 ./Drivers/STM32L4xx_HAL_Driver/Src/stm32l4xx_hal_tim.o
 .text.TIM_OC6_SetConfig
                0x0000000008005fb8       0xb4 ./Drivers/STM32L4xx_HAL_Driver/Src/stm32l4xx_hal_tim.o
 .text.TIM_TI1_ConfigInputStage
                0x000000000800606c       0x5e ./Drivers/STM32L4xx_HAL_Driver/Src/stm32l4xx_hal_tim.o
 .text.TIM_TI2_ConfigInputStage
                0x00000000080060ca       0x60 ./Drivers/STM32L4xx_HAL_Driver/Src/stm32l4xx_hal_tim.o
 .text.TIM_ITRx_SetConfig
                0x000000000800612a       0x36 ./Drivers/STM32L4xx_HAL_Driver/Src/stm32l4xx_hal_tim.o
 .text.TIM_ETR_SetConfig
                0x0000000008006160       0x40 ./Drivers/STM32L4xx_HAL_Driver/Src/stm32l4xx_hal_tim.o
                0x0000000008006160                TIM_ETR_SetConfig
 .text.HAL_TIMEx_MasterConfigSynchronization
                0x00000000080061a0       0xdc ./Drivers/STM32L4xx_HAL_Driver/Src/stm32l4xx_hal_tim_ex.o
                0x00000000080061a0                HAL_TIMEx_MasterConfigSynchronization
 .text.HAL_UART_Init
                0x000000000800627c       0x9c ./Drivers/STM32L4xx_HAL_Driver/Src/stm32l4xx_hal_uart.o
                0x000000000800627c                HAL_UART_Init
 .text.HAL_UART_IRQHandler
                0x0000000008006318      0x5c4 ./Drivers/STM32L4xx_HAL_Driver/Src/stm32l4xx_hal_uart.o
                0x0000000008006318                HAL_UART_IRQHandler
 .text.HAL_UART_TxCpltCallback
                0x00000000080068dc       0x14 ./Drivers/STM32L4xx_HAL_Driver/Src/stm32l4xx_hal_uart.o
                0x00000000080068dc                HAL_UART_TxCpltCallback
 .text.HAL_UART_ErrorCallback
                0x00000000080068f0       0x14 ./Drivers/STM32L4xx_HAL_Driver/Src/stm32l4xx_hal_uart.o
                0x00000000080068f0                HAL_UART_ErrorCallback
 .text.HAL_UARTEx_RxEventCallback
                0x0000000008006904       0x18 ./Drivers/STM32L4xx_HAL_Driver/Src/stm32l4xx_hal_uart.o
                0x0000000008006904                HAL_UARTEx_RxEventCallback
 .text.UART_SetConfig
                0x000000000800691c      0x50c ./Drivers/STM32L4xx_HAL_Driver/Src/stm32l4xx_hal_uart.o
                0x000000000800691c                UART_SetConfig
 .text.UART_AdvFeatureConfig
                0x0000000008006e28      0x144 ./Drivers/STM32L4xx_HAL_Driver/Src/stm32l4xx_hal_uart.o
                0x0000000008006e28                UART_AdvFeatureConfig
 .text.UART_CheckIdleState
                0x0000000008006f6c       0x92 ./Drivers/STM32L4xx_HAL_Driver/Src/stm32l4xx_hal_uart.o
                0x0000000008006f6c                UART_CheckIdleState
 .text.UART_WaitOnFlagUntilTimeout
                0x0000000008006ffe      0x188 ./Drivers/STM32L4xx_HAL_Driver/Src/stm32l4xx_hal_uart.o
                0x0000000008006ffe                UART_WaitOnFlagUntilTimeout
 .text.UART_EndRxTransfer
                0x0000000008007186       0xc6 ./Drivers/STM32L4xx_HAL_Driver/Src/stm32l4xx_hal_uart.o
 .text.UART_DMAAbortOnError
                0x000000000800724c       0x2c ./Drivers/STM32L4xx_HAL_Driver/Src/stm32l4xx_hal_uart.o
 .text.UART_EndTransmit_IT
                0x0000000008007278       0x54 ./Drivers/STM32L4xx_HAL_Driver/Src/stm32l4xx_hal_uart.o
 .text.HAL_UARTEx_WakeupCallback
                0x00000000080072cc       0x14 ./Drivers/STM32L4xx_HAL_Driver/Src/stm32l4xx_hal_uart_ex.o
                0x00000000080072cc                HAL_UARTEx_WakeupCallback
 .text.USB_CoreInit
                0x00000000080072e0       0x22 ./Drivers/STM32L4xx_HAL_Driver/Src/stm32l4xx_ll_usb.o
                0x00000000080072e0                USB_CoreInit
 .text.USB_EnableGlobalInt
                0x0000000008007302       0x2e ./Drivers/STM32L4xx_HAL_Driver/Src/stm32l4xx_ll_usb.o
                0x0000000008007302                USB_EnableGlobalInt
 .text.USB_DisableGlobalInt
                0x0000000008007330       0x36 ./Drivers/STM32L4xx_HAL_Driver/Src/stm32l4xx_ll_usb.o
                0x0000000008007330                USB_DisableGlobalInt
 .text.USB_SetCurrentMode
                0x0000000008007366       0x1a ./Drivers/STM32L4xx_HAL_Driver/Src/stm32l4xx_ll_usb.o
                0x0000000008007366                USB_SetCurrentMode
 .text.USB_DevInit
                0x0000000008007380       0x42 ./Drivers/STM32L4xx_HAL_Driver/Src/stm32l4xx_ll_usb.o
                0x0000000008007380                USB_DevInit
 *fill*         0x00000000080073c2        0x2 
 .text.USB_ActivateEndpoint
                0x00000000080073c4      0x774 ./Drivers/STM32L4xx_HAL_Driver/Src/stm32l4xx_ll_usb.o
                0x00000000080073c4                USB_ActivateEndpoint
 .text.USB_DeactivateEndpoint
                0x0000000008007b38      0x3da ./Drivers/STM32L4xx_HAL_Driver/Src/stm32l4xx_ll_usb.o
                0x0000000008007b38                USB_DeactivateEndpoint
 .text.USB_EPStartXfer
                0x0000000008007f12     0x166c ./Drivers/STM32L4xx_HAL_Driver/Src/stm32l4xx_ll_usb.o
                0x0000000008007f12                USB_EPStartXfer
 .text.USB_EPSetStall
                0x000000000800957e       0xa2 ./Drivers/STM32L4xx_HAL_Driver/Src/stm32l4xx_ll_usb.o
                0x000000000800957e                USB_EPSetStall
 .text.USB_EPClearStall
                0x0000000008009620      0x15c ./Drivers/STM32L4xx_HAL_Driver/Src/stm32l4xx_ll_usb.o
                0x0000000008009620                USB_EPClearStall
 .text.USB_SetDevAddress
                0x000000000800977c       0x28 ./Drivers/STM32L4xx_HAL_Driver/Src/stm32l4xx_ll_usb.o
                0x000000000800977c                USB_SetDevAddress
 .text.USB_DevConnect
                0x00000000080097a4       0x2e ./Drivers/STM32L4xx_HAL_Driver/Src/stm32l4xx_ll_usb.o
                0x00000000080097a4                USB_DevConnect
 .text.USB_DevDisconnect
                0x00000000080097d2       0x2a ./Drivers/STM32L4xx_HAL_Driver/Src/stm32l4xx_ll_usb.o
                0x00000000080097d2                USB_DevDisconnect
 .text.USB_ReadInterrupts
                0x00000000080097fc       0x20 ./Drivers/STM32L4xx_HAL_Driver/Src/stm32l4xx_ll_usb.o
                0x00000000080097fc                USB_ReadInterrupts
 .text.USB_EP0_OutStart
                0x000000000800981c       0x18 ./Drivers/STM32L4xx_HAL_Driver/Src/stm32l4xx_ll_usb.o
                0x000000000800981c                USB_EP0_OutStart
 .text.USB_WritePMA
                0x0000000008009834       0x84 ./Drivers/STM32L4xx_HAL_Driver/Src/stm32l4xx_ll_usb.o
                0x0000000008009834                USB_WritePMA
 .text.USB_ReadPMA
                0x00000000080098b8       0x98 ./Drivers/STM32L4xx_HAL_Driver/Src/stm32l4xx_ll_usb.o
                0x00000000080098b8                USB_ReadPMA
 .text.USBD_CDC_Init
                0x0000000008009950       0xfe ./Middlewares/ST/STM32_USB_Device_Library/Class/CDC/Src/usbd_cdc.o
 .text.USBD_CDC_DeInit
                0x0000000008009a4e       0x74 ./Middlewares/ST/STM32_USB_Device_Library/Class/CDC/Src/usbd_cdc.o
 *fill*         0x0000000008009ac2        0x2 
 .text.USBD_CDC_Setup
                0x0000000008009ac4      0x190 ./Middlewares/ST/STM32_USB_Device_Library/Class/CDC/Src/usbd_cdc.o
 .text.USBD_CDC_DataIn
                0x0000000008009c54       0xca ./Middlewares/ST/STM32_USB_Device_Library/Class/CDC/Src/usbd_cdc.o
 .text.USBD_CDC_DataOut
                0x0000000008009d1e       0x56 ./Middlewares/ST/STM32_USB_Device_Library/Class/CDC/Src/usbd_cdc.o
 .text.USBD_CDC_EP0_RxReady
                0x0000000008009d74       0x5a ./Middlewares/ST/STM32_USB_Device_Library/Class/CDC/Src/usbd_cdc.o
 *fill*         0x0000000008009dce        0x2 
 .text.USBD_CDC_GetFSCfgDesc
                0x0000000008009dd0       0x20 ./Middlewares/ST/STM32_USB_Device_Library/Class/CDC/Src/usbd_cdc.o
 .text.USBD_CDC_GetHSCfgDesc
                0x0000000008009df0       0x20 ./Middlewares/ST/STM32_USB_Device_Library/Class/CDC/Src/usbd_cdc.o
 .text.USBD_CDC_GetOtherSpeedCfgDesc
                0x0000000008009e10       0x20 ./Middlewares/ST/STM32_USB_Device_Library/Class/CDC/Src/usbd_cdc.o
 .text.USBD_CDC_GetDeviceQualifierDescriptor
                0x0000000008009e30       0x20 ./Middlewares/ST/STM32_USB_Device_Library/Class/CDC/Src/usbd_cdc.o
                0x0000000008009e30                USBD_CDC_GetDeviceQualifierDescriptor
 .text.USBD_CDC_RegisterInterface
                0x0000000008009e50       0x2a ./Middlewares/ST/STM32_USB_Device_Library/Class/CDC/Src/usbd_cdc.o
                0x0000000008009e50                USBD_CDC_RegisterInterface
 .text.USBD_CDC_SetTxBuffer
                0x0000000008009e7a       0x3c ./Middlewares/ST/STM32_USB_Device_Library/Class/CDC/Src/usbd_cdc.o
                0x0000000008009e7a                USBD_CDC_SetTxBuffer
 .text.USBD_CDC_SetRxBuffer
                0x0000000008009eb6       0x32 ./Middlewares/ST/STM32_USB_Device_Library/Class/CDC/Src/usbd_cdc.o
                0x0000000008009eb6                USBD_CDC_SetRxBuffer
 .text.USBD_CDC_ReceivePacket
                0x0000000008009ee8       0x54 ./Middlewares/ST/STM32_USB_Device_Library/Class/CDC/Src/usbd_cdc.o
                0x0000000008009ee8                USBD_CDC_ReceivePacket
 .text.USBD_Init
                0x0000000008009f3c       0x60 ./Middlewares/ST/STM32_USB_Device_Library/Core/Src/usbd_core.o
                0x0000000008009f3c                USBD_Init
 .text.USBD_RegisterClass
                0x0000000008009f9c       0x4e ./Middlewares/ST/STM32_USB_Device_Library/Core/Src/usbd_core.o
                0x0000000008009f9c                USBD_RegisterClass
 .text.USBD_Start
                0x0000000008009fea       0x18 ./Middlewares/ST/STM32_USB_Device_Library/Core/Src/usbd_core.o
                0x0000000008009fea                USBD_Start
 .text.USBD_RunTestMode
                0x000000000800a002       0x16 ./Middlewares/ST/STM32_USB_Device_Library/Core/Src/usbd_core.o
                0x000000000800a002                USBD_RunTestMode
 .text.USBD_SetClassConfig
                0x000000000800a018       0x38 ./Middlewares/ST/STM32_USB_Device_Library/Core/Src/usbd_core.o
                0x000000000800a018                USBD_SetClassConfig
 .text.USBD_ClrClassConfig
                0x000000000800a050       0x30 ./Middlewares/ST/STM32_USB_Device_Library/Core/Src/usbd_core.o
                0x000000000800a050                USBD_ClrClassConfig
 .text.USBD_LL_SetupStage
                0x000000000800a080       0xaa ./Middlewares/ST/STM32_USB_Device_Library/Core/Src/usbd_core.o
                0x000000000800a080                USBD_LL_SetupStage
 .text.USBD_LL_DataOutStage
                0x000000000800a12a       0xc6 ./Middlewares/ST/STM32_USB_Device_Library/Core/Src/usbd_core.o
                0x000000000800a12a                USBD_LL_DataOutStage
 .text.USBD_LL_DataInStage
                0x000000000800a1f0      0x12c ./Middlewares/ST/STM32_USB_Device_Library/Core/Src/usbd_core.o
                0x000000000800a1f0                USBD_LL_DataInStage
 .text.USBD_LL_Reset
                0x000000000800a31c       0x9c ./Middlewares/ST/STM32_USB_Device_Library/Core/Src/usbd_core.o
                0x000000000800a31c                USBD_LL_Reset
 .text.USBD_LL_SetSpeed
                0x000000000800a3b8       0x20 ./Middlewares/ST/STM32_USB_Device_Library/Core/Src/usbd_core.o
                0x000000000800a3b8                USBD_LL_SetSpeed
 .text.USBD_LL_Suspend
                0x000000000800a3d8       0x2c ./Middlewares/ST/STM32_USB_Device_Library/Core/Src/usbd_core.o
                0x000000000800a3d8                USBD_LL_Suspend
 .text.USBD_LL_Resume
                0x000000000800a404       0x30 ./Middlewares/ST/STM32_USB_Device_Library/Core/Src/usbd_core.o
                0x000000000800a404                USBD_LL_Resume
 .text.USBD_LL_SOF
                0x000000000800a434       0x44 ./Middlewares/ST/STM32_USB_Device_Library/Core/Src/usbd_core.o
                0x000000000800a434                USBD_LL_SOF
 .text.SWAPBYTE
                0x000000000800a478       0x3c ./Middlewares/ST/STM32_USB_Device_Library/Core/Src/usbd_ctlreq.o
 .text.USBD_StdDevReq
                0x000000000800a4b4       0xdc ./Middlewares/ST/STM32_USB_Device_Library/Core/Src/usbd_ctlreq.o
                0x000000000800a4b4                USBD_StdDevReq
 .text.USBD_StdItfReq
                0x000000000800a590       0x92 ./Middlewares/ST/STM32_USB_Device_Library/Core/Src/usbd_ctlreq.o
                0x000000000800a590                USBD_StdItfReq
 .text.USBD_StdEPReq
                0x000000000800a622      0x2c4 ./Middlewares/ST/STM32_USB_Device_Library/Core/Src/usbd_ctlreq.o
                0x000000000800a622                USBD_StdEPReq
 *fill*         0x000000000800a8e6        0x2 
 .text.USBD_GetDescriptor
                0x000000000800a8e8      0x328 ./Middlewares/ST/STM32_USB_Device_Library/Core/Src/usbd_ctlreq.o
 .text.USBD_SetAddress
                0x000000000800ac10       0x88 ./Middlewares/ST/STM32_USB_Device_Library/Core/Src/usbd_ctlreq.o
 .text.USBD_SetConfig
                0x000000000800ac98      0x14c ./Middlewares/ST/STM32_USB_Device_Library/Core/Src/usbd_ctlreq.o
 .text.USBD_GetConfig
                0x000000000800ade4       0x6c ./Middlewares/ST/STM32_USB_Device_Library/Core/Src/usbd_ctlreq.o
 .text.USBD_GetStatus
                0x000000000800ae50       0x68 ./Middlewares/ST/STM32_USB_Device_Library/Core/Src/usbd_ctlreq.o
 .text.USBD_SetFeature
                0x000000000800aeb8       0x28 ./Middlewares/ST/STM32_USB_Device_Library/Core/Src/usbd_ctlreq.o
 .text.USBD_ClrFeature
                0x000000000800aee0       0x44 ./Middlewares/ST/STM32_USB_Device_Library/Core/Src/usbd_ctlreq.o
 .text.USBD_ParseSetupRequest
                0x000000000800af24       0x74 ./Middlewares/ST/STM32_USB_Device_Library/Core/Src/usbd_ctlreq.o
                0x000000000800af24                USBD_ParseSetupRequest
 .text.USBD_CtlError
                0x000000000800af98       0x22 ./Middlewares/ST/STM32_USB_Device_Library/Core/Src/usbd_ctlreq.o
                0x000000000800af98                USBD_CtlError
 .text.USBD_GetString
                0x000000000800afba       0x8c ./Middlewares/ST/STM32_USB_Device_Library/Core/Src/usbd_ctlreq.o
                0x000000000800afba                USBD_GetString
 .text.USBD_GetLen
                0x000000000800b046       0x34 ./Middlewares/ST/STM32_USB_Device_Library/Core/Src/usbd_ctlreq.o
 .text.USBD_CtlSendData
                0x000000000800b07a       0x36 ./Middlewares/ST/STM32_USB_Device_Library/Core/Src/usbd_ioreq.o
                0x000000000800b07a                USBD_CtlSendData
 .text.USBD_CtlContinueSendData
                0x000000000800b0b0       0x22 ./Middlewares/ST/STM32_USB_Device_Library/Core/Src/usbd_ioreq.o
                0x000000000800b0b0                USBD_CtlContinueSendData
 .text.USBD_CtlPrepareRx
                0x000000000800b0d2       0x3a ./Middlewares/ST/STM32_USB_Device_Library/Core/Src/usbd_ioreq.o
                0x000000000800b0d2                USBD_CtlPrepareRx
 .text.USBD_CtlContinueRx
                0x000000000800b10c       0x22 ./Middlewares/ST/STM32_USB_Device_Library/Core/Src/usbd_ioreq.o
                0x000000000800b10c                USBD_CtlContinueRx
 .text.USBD_CtlSendStatus
                0x000000000800b12e       0x26 ./Middlewares/ST/STM32_USB_Device_Library/Core/Src/usbd_ioreq.o
                0x000000000800b12e                USBD_CtlSendStatus
 .text.USBD_CtlReceiveStatus
                0x000000000800b154       0x26 ./Middlewares/ST/STM32_USB_Device_Library/Core/Src/usbd_ioreq.o
                0x000000000800b154                USBD_CtlReceiveStatus
 *fill*         0x000000000800b17a        0x2 
 .text.MX_USB_DEVICE_Init
                0x000000000800b17c       0x60 ./USB_DEVICE/App/usb_device.o
                0x000000000800b17c                MX_USB_DEVICE_Init
 .text.CDC_Init_FS
                0x000000000800b1dc       0x28 ./USB_DEVICE/App/usbd_cdc_if.o
 .text.CDC_DeInit_FS
                0x000000000800b204       0x10 ./USB_DEVICE/App/usbd_cdc_if.o
 .text.CDC_Control_FS
                0x000000000800b214       0xbc ./USB_DEVICE/App/usbd_cdc_if.o
 .text.CDC_Receive_FS
                0x000000000800b2d0       0x28 ./USB_DEVICE/App/usbd_cdc_if.o
 .text.CDC_TransmitCplt_FS
                0x000000000800b2f8       0x22 ./USB_DEVICE/App/usbd_cdc_if.o
 *fill*         0x000000000800b31a        0x2 
 .text.USBD_FS_DeviceDescriptor
                0x000000000800b31c       0x24 ./USB_DEVICE/App/usbd_desc.o
                0x000000000800b31c                USBD_FS_DeviceDescriptor
 .text.USBD_FS_LangIDStrDescriptor
                0x000000000800b340       0x24 ./USB_DEVICE/App/usbd_desc.o
                0x000000000800b340                USBD_FS_LangIDStrDescriptor
 .text.USBD_FS_ProductStrDescriptor
                0x000000000800b364       0x3c ./USB_DEVICE/App/usbd_desc.o
                0x000000000800b364                USBD_FS_ProductStrDescriptor
 .text.USBD_FS_ManufacturerStrDescriptor
                0x000000000800b3a0       0x28 ./USB_DEVICE/App/usbd_desc.o
                0x000000000800b3a0                USBD_FS_ManufacturerStrDescriptor
 .text.USBD_FS_SerialStrDescriptor
                0x000000000800b3c8       0x24 ./USB_DEVICE/App/usbd_desc.o
                0x000000000800b3c8                USBD_FS_SerialStrDescriptor
 .text.USBD_FS_ConfigStrDescriptor
                0x000000000800b3ec       0x3c ./USB_DEVICE/App/usbd_desc.o
                0x000000000800b3ec                USBD_FS_ConfigStrDescriptor
 .text.USBD_FS_InterfaceStrDescriptor
                0x000000000800b428       0x3c ./USB_DEVICE/App/usbd_desc.o
                0x000000000800b428                USBD_FS_InterfaceStrDescriptor
 .text.USBD_FS_USR_BOSDescriptor
                0x000000000800b464       0x24 ./USB_DEVICE/App/usbd_desc.o
                0x000000000800b464                USBD_FS_USR_BOSDescriptor
 .text.Get_SerialNum
                0x000000000800b488       0x58 ./USB_DEVICE/App/usbd_desc.o
 .text.IntToUnicode
                0x000000000800b4e0       0x7e ./USB_DEVICE/App/usbd_desc.o
 *fill*         0x000000000800b55e        0x2 
 .text.HAL_PCD_MspInit
                0x000000000800b560       0xec ./USB_DEVICE/Target/usbd_conf.o
                0x000000000800b560                HAL_PCD_MspInit
 .text.HAL_PCD_SetupStageCallback
                0x000000000800b64c       0x24 ./USB_DEVICE/Target/usbd_conf.o
                0x000000000800b64c                HAL_PCD_SetupStageCallback
 .text.HAL_PCD_DataOutStageCallback
                0x000000000800b670       0x36 ./USB_DEVICE/Target/usbd_conf.o
                0x000000000800b670                HAL_PCD_DataOutStageCallback
 .text.HAL_PCD_DataInStageCallback
                0x000000000800b6a6       0x34 ./USB_DEVICE/Target/usbd_conf.o
                0x000000000800b6a6                HAL_PCD_DataInStageCallback
 .text.HAL_PCD_SOFCallback
                0x000000000800b6da       0x1c ./USB_DEVICE/Target/usbd_conf.o
                0x000000000800b6da                HAL_PCD_SOFCallback
 .text.HAL_PCD_ResetCallback
                0x000000000800b6f6       0x3c ./USB_DEVICE/Target/usbd_conf.o
                0x000000000800b6f6                HAL_PCD_ResetCallback
 *fill*         0x000000000800b732        0x2 
 .text.HAL_PCD_SuspendCallback
                0x000000000800b734       0x34 ./USB_DEVICE/Target/usbd_conf.o
                0x000000000800b734                HAL_PCD_SuspendCallback
 .text.HAL_PCD_ResumeCallback
                0x000000000800b768       0x38 ./USB_DEVICE/Target/usbd_conf.o
                0x000000000800b768                HAL_PCD_ResumeCallback
 .text.USBD_LL_Init
                0x000000000800b7a0       0xc4 ./USB_DEVICE/Target/usbd_conf.o
                0x000000000800b7a0                USBD_LL_Init
 .text.USBD_LL_Start
                0x000000000800b864       0x64 ./USB_DEVICE/Target/usbd_conf.o
                0x000000000800b864                USBD_LL_Start
 .text.USBD_LL_OpenEP
                0x000000000800b8c8       0x7c ./USB_DEVICE/Target/usbd_conf.o
                0x000000000800b8c8                USBD_LL_OpenEP
 .text.USBD_LL_CloseEP
                0x000000000800b944       0x6c ./USB_DEVICE/Target/usbd_conf.o
                0x000000000800b944                USBD_LL_CloseEP
 .text.USBD_LL_StallEP
                0x000000000800b9b0       0x6c ./USB_DEVICE/Target/usbd_conf.o
                0x000000000800b9b0                USBD_LL_StallEP
 .text.USBD_LL_ClearStallEP
                0x000000000800ba1c       0x6c ./USB_DEVICE/Target/usbd_conf.o
                0x000000000800ba1c                USBD_LL_ClearStallEP
 .text.USBD_LL_IsStallEP
                0x000000000800ba88       0x5a ./USB_DEVICE/Target/usbd_conf.o
                0x000000000800ba88                USBD_LL_IsStallEP
 *fill*         0x000000000800bae2        0x2 
 .text.USBD_LL_SetUSBAddress
                0x000000000800bae4       0x6c ./USB_DEVICE/Target/usbd_conf.o
                0x000000000800bae4                USBD_LL_SetUSBAddress
 .text.USBD_LL_Transmit
                0x000000000800bb50       0x70 ./USB_DEVICE/Target/usbd_conf.o
                0x000000000800bb50                USBD_LL_Transmit
 .text.USBD_LL_PrepareReceive
                0x000000000800bbc0       0x70 ./USB_DEVICE/Target/usbd_conf.o
                0x000000000800bbc0                USBD_LL_PrepareReceive
 .text.USBD_LL_GetRxDataSize
                0x000000000800bc30       0x26 ./USB_DEVICE/Target/usbd_conf.o
                0x000000000800bc30                USBD_LL_GetRxDataSize
 *fill*         0x000000000800bc56        0x2 
 .text.HAL_PCDEx_LPM_Callback
                0x000000000800bc58       0x6c ./USB_DEVICE/Target/usbd_conf.o
                0x000000000800bc58                HAL_PCDEx_LPM_Callback
 .text.USBD_static_malloc
                0x000000000800bcc4       0x1c ./USB_DEVICE/Target/usbd_conf.o
                0x000000000800bcc4                USBD_static_malloc
 .text.USBD_static_free
                0x000000000800bce0       0x14 ./USB_DEVICE/Target/usbd_conf.o
                0x000000000800bce0                USBD_static_free
 .text.SystemClockConfig_Resume
                0x000000000800bcf4        0xc ./USB_DEVICE/Target/usbd_conf.o
 .text.__libc_init_array
                0x000000000800bd00       0x48 c:/st/stm32cubeide_1.9.0/stm32cubeide/plugins/com.st.stm32cube.ide.mcu.externaltools.gnu-tools-for-stm32.10.3-2021.10.win32_1.0.200.202301161003/tools/bin/../lib/gcc/arm-none-eabi/10.3.1/../../../../arm-none-eabi/lib/thumb/v7e-m+fp/hard\libc_nano.a(lib_a-init.o)
                0x000000000800bd00                __libc_init_array
 .text.memset   0x000000000800bd48       0x10 c:/st/stm32cubeide_1.9.0/stm32cubeide/plugins/com.st.stm32cube.ide.mcu.externaltools.gnu-tools-for-stm32.10.3-2021.10.win32_1.0.200.202301161003/tools/bin/../lib/gcc/arm-none-eabi/10.3.1/../../../../arm-none-eabi/lib/thumb/v7e-m+fp/hard\libc_nano.a(lib_a-memset.o)
                0x000000000800bd48                memset
 *(.glue_7)
 .glue_7        0x000000000800bd58        0x0 linker stubs
 *(.glue_7t)
 .glue_7t       0x000000000800bd58        0x0 linker stubs
 *(.eh_frame)
 .eh_frame      0x000000000800bd58        0x0 c:/st/stm32cubeide_1.9.0/stm32cubeide/plugins/com.st.stm32cube.ide.mcu.externaltools.gnu-tools-for-stm32.10.3-2021.10.win32_1.0.200.202301161003/tools/bin/../lib/gcc/arm-none-eabi/10.3.1/thumb/v7e-m+fp/hard/crtbegin.o
 *(.init)
 .init          0x000000000800bd58        0x4 c:/st/stm32cubeide_1.9.0/stm32cubeide/plugins/com.st.stm32cube.ide.mcu.externaltools.gnu-tools-for-stm32.10.3-2021.10.win32_1.0.200.202301161003/tools/bin/../lib/gcc/arm-none-eabi/10.3.1/thumb/v7e-m+fp/hard/crti.o
                0x000000000800bd58                _init
 .init          0x000000000800bd5c        0x8 c:/st/stm32cubeide_1.9.0/stm32cubeide/plugins/com.st.stm32cube.ide.mcu.externaltools.gnu-tools-for-stm32.10.3-2021.10.win32_1.0.200.202301161003/tools/bin/../lib/gcc/arm-none-eabi/10.3.1/thumb/v7e-m+fp/hard/crtn.o
 *(.fini)
 .fini          0x000000000800bd64        0x4 c:/st/stm32cubeide_1.9.0/stm32cubeide/plugins/com.st.stm32cube.ide.mcu.externaltools.gnu-tools-for-stm32.10.3-2021.10.win32_1.0.200.202301161003/tools/bin/../lib/gcc/arm-none-eabi/10.3.1/thumb/v7e-m+fp/hard/crti.o
                0x000000000800bd64                _fini
 .fini          0x000000000800bd68        0x8 c:/st/stm32cubeide_1.9.0/stm32cubeide/plugins/com.st.stm32cube.ide.mcu.externaltools.gnu-tools-for-stm32.10.3-2021.10.win32_1.0.200.202301161003/tools/bin/../lib/gcc/arm-none-eabi/10.3.1/thumb/v7e-m+fp/hard/crtn.o
                0x000000000800bd70                . = ALIGN (0x4)
                0x000000000800bd70                _etext = .

.vfp11_veneer   0x000000000800bd70        0x0
 .vfp11_veneer  0x000000000800bd70        0x0 linker stubs

.v4_bx          0x000000000800bd70        0x0
 .v4_bx         0x000000000800bd70        0x0 linker stubs

.iplt           0x000000000800bd70        0x0
 .iplt          0x000000000800bd70        0x0 c:/st/stm32cubeide_1.9.0/stm32cubeide/plugins/com.st.stm32cube.ide.mcu.externaltools.gnu-tools-for-stm32.10.3-2021.10.win32_1.0.200.202301161003/tools/bin/../lib/gcc/arm-none-eabi/10.3.1/thumb/v7e-m+fp/hard/crtbegin.o

.rodata         0x000000000800bd70       0x90
                0x000000000800bd70                . = ALIGN (0x4)
 *(.rodata)
 .rodata        0x000000000800bd70       0x46 ./USB_DEVICE/App/usbd_desc.o
 *(.rodata*)
 *fill*         0x000000000800bdb6        0x2 
 .rodata.AHBPrescTable
                0x000000000800bdb8       0x10 ./Core/Src/system_stm32l4xx.o
                0x000000000800bdb8                AHBPrescTable
 .rodata.APBPrescTable
                0x000000000800bdc8        0x8 ./Core/Src/system_stm32l4xx.o
                0x000000000800bdc8                APBPrescTable
 .rodata.MSIRangeTable
                0x000000000800bdd0       0x30 ./Core/Src/system_stm32l4xx.o
                0x000000000800bdd0                MSIRangeTable
                0x000000000800be00                . = ALIGN (0x4)

.ARM.extab      0x000000000800be00        0x0
                0x000000000800be00                . = ALIGN (0x4)
 *(.ARM.extab* .gnu.linkonce.armextab.*)
                0x000000000800be00                . = ALIGN (0x4)

.ARM            0x000000000800be00        0x8
                0x000000000800be00                . = ALIGN (0x4)
                0x000000000800be00                __exidx_start = .
 *(.ARM.exidx*)
 .ARM.exidx     0x000000000800be00        0x8 c:/st/stm32cubeide_1.9.0/stm32cubeide/plugins/com.st.stm32cube.ide.mcu.externaltools.gnu-tools-for-stm32.10.3-2021.10.win32_1.0.200.202301161003/tools/bin/../lib/gcc/arm-none-eabi/10.3.1/thumb/v7e-m+fp/hard\libgcc.a(_udivmoddi4.o)
                0x000000000800be08                __exidx_end = .
                0x000000000800be08                . = ALIGN (0x4)

.rel.dyn        0x000000000800be08        0x0
 .rel.iplt      0x000000000800be08        0x0 c:/st/stm32cubeide_1.9.0/stm32cubeide/plugins/com.st.stm32cube.ide.mcu.externaltools.gnu-tools-for-stm32.10.3-2021.10.win32_1.0.200.202301161003/tools/bin/../lib/gcc/arm-none-eabi/10.3.1/thumb/v7e-m+fp/hard/crtbegin.o

.preinit_array  0x000000000800be08        0x0
                0x000000000800be08                . = ALIGN (0x4)
                0x000000000800be08                PROVIDE (__preinit_array_start = .)
 *(.preinit_array*)
                0x000000000800be08                PROVIDE (__preinit_array_end = .)
                0x000000000800be08                . = ALIGN (0x4)

.init_array     0x000000000800be08        0x4
                0x000000000800be08                . = ALIGN (0x4)
                0x000000000800be08                PROVIDE (__init_array_start = .)
 *(SORT_BY_NAME(.init_array.*))
 *(.init_array*)
 .init_array    0x000000000800be08        0x4 c:/st/stm32cubeide_1.9.0/stm32cubeide/plugins/com.st.stm32cube.ide.mcu.externaltools.gnu-tools-for-stm32.10.3-2021.10.win32_1.0.200.202301161003/tools/bin/../lib/gcc/arm-none-eabi/10.3.1/thumb/v7e-m+fp/hard/crtbegin.o
                0x000000000800be0c                PROVIDE (__init_array_end = .)
                0x000000000800be0c                . = ALIGN (0x4)

.fini_array     0x000000000800be0c        0x4
                0x000000000800be0c                . = ALIGN (0x4)
                [!provide]                        PROVIDE (__fini_array_start = .)
 *(SORT_BY_NAME(.fini_array.*))
 *(.fini_array*)
 .fini_array    0x000000000800be0c        0x4 c:/st/stm32cubeide_1.9.0/stm32cubeide/plugins/com.st.stm32cube.ide.mcu.externaltools.gnu-tools-for-stm32.10.3-2021.10.win32_1.0.200.202301161003/tools/bin/../lib/gcc/arm-none-eabi/10.3.1/thumb/v7e-m+fp/hard/crtbegin.o
                [!provide]                        PROVIDE (__fini_array_end = .)
                0x000000000800be10                . = ALIGN (0x4)
                0x000000000800be10                _sidata = LOADADDR (.data)

.data           0x0000000020000000      0x190 load address 0x000000000800be10
                0x0000000020000000                . = ALIGN (0x4)
                0x0000000020000000                _sdata = .
 *(.data)
 *(.data*)
 .data.SystemCoreClock
                0x0000000020000000        0x4 ./Core/Src/system_stm32l4xx.o
                0x0000000020000000                SystemCoreClock
 .data.uwTickPrio
                0x0000000020000004        0x4 ./Drivers/STM32L4xx_HAL_Driver/Src/stm32l4xx_hal.o
                0x0000000020000004                uwTickPrio
 .data.uwTickFreq
                0x0000000020000008        0x1 ./Drivers/STM32L4xx_HAL_Driver/Src/stm32l4xx_hal.o
                0x0000000020000008                uwTickFreq
 *fill*         0x0000000020000009        0x3 
 .data.USBD_CDC_DeviceQualifierDesc
                0x000000002000000c        0xa ./Middlewares/ST/STM32_USB_Device_Library/Class/CDC/Src/usbd_cdc.o
 *fill*         0x0000000020000016        0x2 
 .data.USBD_CDC
                0x0000000020000018       0x38 ./Middlewares/ST/STM32_USB_Device_Library/Class/CDC/Src/usbd_cdc.o
                0x0000000020000018                USBD_CDC
 .data.USBD_CDC_CfgHSDesc
                0x0000000020000050       0x43 ./Middlewares/ST/STM32_USB_Device_Library/Class/CDC/Src/usbd_cdc.o
 *fill*         0x0000000020000093        0x1 
 .data.USBD_CDC_CfgFSDesc
                0x0000000020000094       0x43 ./Middlewares/ST/STM32_USB_Device_Library/Class/CDC/Src/usbd_cdc.o
 *fill*         0x00000000200000d7        0x1 
 .data.USBD_CDC_OtherSpeedCfgDesc
                0x00000000200000d8       0x43 ./Middlewares/ST/STM32_USB_Device_Library/Class/CDC/Src/usbd_cdc.o
 *fill*         0x000000002000011b        0x1 
 .data.USBD_Interface_fops_FS
                0x000000002000011c       0x14 ./USB_DEVICE/App/usbd_cdc_if.o
                0x000000002000011c                USBD_Interface_fops_FS
 .data.FS_Desc  0x0000000020000130       0x20 ./USB_DEVICE/App/usbd_desc.o
                0x0000000020000130                FS_Desc
 .data.USBD_FS_DeviceDesc
                0x0000000020000150       0x12 ./USB_DEVICE/App/usbd_desc.o
                0x0000000020000150                USBD_FS_DeviceDesc
 *fill*         0x0000000020000162        0x2 
 .data.USBD_FS_BOSDesc
                0x0000000020000164        0xc ./USB_DEVICE/App/usbd_desc.o
                0x0000000020000164                USBD_FS_BOSDesc
 .data.USBD_LangIDDesc
                0x0000000020000170        0x4 ./USB_DEVICE/App/usbd_desc.o
                0x0000000020000170                USBD_LangIDDesc
 .data.USBD_StringSerial
                0x0000000020000174       0x1a ./USB_DEVICE/App/usbd_desc.o
                0x0000000020000174                USBD_StringSerial
 *(.RamFunc)
 *(.RamFunc*)
                0x0000000020000190                . = ALIGN (0x4)
 *fill*         0x000000002000018e        0x2 
                0x0000000020000190                _edata = .

.igot.plt       0x0000000020000190        0x0 load address 0x000000000800bfa0
 .igot.plt      0x0000000020000190        0x0 c:/st/stm32cubeide_1.9.0/stm32cubeide/plugins/com.st.stm32cube.ide.mcu.externaltools.gnu-tools-for-stm32.10.3-2021.10.win32_1.0.200.202301161003/tools/bin/../lib/gcc/arm-none-eabi/10.3.1/thumb/v7e-m+fp/hard/crtbegin.o
                0x0000000020000190                . = ALIGN (0x4)

.bss            0x0000000020000190     0x1dc4 load address 0x000000000800bfa0
                0x0000000020000190                _sbss = .
                0x0000000020000190                __bss_start__ = _sbss
 *(.bss)
 .bss           0x0000000020000190       0x1c c:/st/stm32cubeide_1.9.0/stm32cubeide/plugins/com.st.stm32cube.ide.mcu.externaltools.gnu-tools-for-stm32.10.3-2021.10.win32_1.0.200.202301161003/tools/bin/../lib/gcc/arm-none-eabi/10.3.1/thumb/v7e-m+fp/hard/crtbegin.o
 *(.bss*)
 .bss.hcrc      0x00000000200001ac       0x24 ./Core/Src/crc.o
                0x00000000200001ac                hcrc
 .bss.hi2c1     0x00000000200001d0       0x54 ./Core/Src/i2c.o
                0x00000000200001d0                hi2c1
 .bss.hi2c4     0x0000000020000224       0x54 ./Core/Src/i2c.o
                0x0000000020000224                hi2c4
 .bss.hspi1     0x0000000020000278       0x64 ./Core/Src/spi.o
                0x0000000020000278                hspi1
 .bss.hspi3     0x00000000200002dc       0x64 ./Core/Src/spi.o
                0x00000000200002dc                hspi3
 .bss.hdma_spi3_tx
                0x0000000020000340       0x48 ./Core/Src/spi.o
                0x0000000020000340                hdma_spi3_tx
 .bss.htim3     0x0000000020000388       0x4c ./Core/Src/tim.o
                0x0000000020000388                htim3
 .bss.huart1    0x00000000200003d4       0x84 ./Core/Src/usart.o
                0x00000000200003d4                huart1
 .bss.huart2    0x0000000020000458       0x84 ./Core/Src/usart.o
                0x0000000020000458                huart2
 .bss.huart3    0x00000000200004dc       0x84 ./Core/Src/usart.o
                0x00000000200004dc                huart3
 .bss.uwTick    0x0000000020000560        0x4 ./Drivers/STM32L4xx_HAL_Driver/Src/stm32l4xx_hal.o
                0x0000000020000560                uwTick
 .bss.cfgidx.0  0x0000000020000564        0x1 ./Middlewares/ST/STM32_USB_Device_Library/Core/Src/usbd_ctlreq.o
 *fill*         0x0000000020000565        0x3 
 .bss.hUsbDeviceFS
                0x0000000020000568      0x2d0 ./USB_DEVICE/App/usb_device.o
                0x0000000020000568                hUsbDeviceFS
 .bss.UserRxBufferFS
                0x0000000020000838      0x800 ./USB_DEVICE/App/usbd_cdc_if.o
                0x0000000020000838                UserRxBufferFS
 .bss.UserTxBufferFS
                0x0000000020001038      0x800 ./USB_DEVICE/App/usbd_cdc_if.o
                0x0000000020001038                UserTxBufferFS
 .bss.USBD_StrDesc
                0x0000000020001838      0x200 ./USB_DEVICE/App/usbd_desc.o
                0x0000000020001838                USBD_StrDesc
 .bss.hpcd_USB_FS
                0x0000000020001a38      0x2fc ./USB_DEVICE/Target/usbd_conf.o
                0x0000000020001a38                hpcd_USB_FS
 .bss.mem.0     0x0000000020001d34      0x220 ./USB_DEVICE/Target/usbd_conf.o
 *(COMMON)
                0x0000000020001f54                . = ALIGN (0x4)
                0x0000000020001f54                _ebss = .
                0x0000000020001f54                __bss_end__ = _ebss

._user_heap_stack
                0x0000000020001f54      0x604 load address 0x000000000800bfa0
                0x0000000020001f58                . = ALIGN (0x8)
 *fill*         0x0000000020001f54        0x4 
                [!provide]                        PROVIDE (end = .)
                0x0000000020001f58                PROVIDE (_end = .)
                0x0000000020002158                . = (. + _Min_Heap_Size)
 *fill*         0x0000000020001f58      0x200 
                0x0000000020002558                . = (. + _Min_Stack_Size)
 *fill*         0x0000000020002158      0x400 
                0x0000000020002558                . = ALIGN (0x8)

/DISCARD/
 libc.a(*)
 libm.a(*)
 libgcc.a(*)

.ARM.attributes
                0x0000000000000000       0x30
 *(.ARM.attributes)
 .ARM.attributes
                0x0000000000000000       0x1e c:/st/stm32cubeide_1.9.0/stm32cubeide/plugins/com.st.stm32cube.ide.mcu.externaltools.gnu-tools-for-stm32.10.3-2021.10.win32_1.0.200.202301161003/tools/bin/../lib/gcc/arm-none-eabi/10.3.1/thumb/v7e-m+fp/hard/crti.o
 .ARM.attributes
                0x000000000000001e       0x34 c:/st/stm32cubeide_1.9.0/stm32cubeide/plugins/com.st.stm32cube.ide.mcu.externaltools.gnu-tools-for-stm32.10.3-2021.10.win32_1.0.200.202301161003/tools/bin/../lib/gcc/arm-none-eabi/10.3.1/thumb/v7e-m+fp/hard/crtbegin.o
 .ARM.attributes
                0x0000000000000052       0x34 ./Core/Src/crc.o
 .ARM.attributes
                0x0000000000000086       0x34 ./Core/Src/dma.o
 .ARM.attributes
                0x00000000000000ba       0x34 ./Core/Src/gpio.o
 .ARM.attributes
                0x00000000000000ee       0x34 ./Core/Src/i2c.o
 .ARM.attributes
                0x0000000000000122       0x34 ./Core/Src/main.o
 .ARM.attributes
                0x0000000000000156       0x34 ./Core/Src/spi.o
 .ARM.attributes
                0x000000000000018a       0x34 ./Core/Src/stm32l4xx_hal_msp.o
 .ARM.attributes
                0x00000000000001be       0x34 ./Core/Src/stm32l4xx_it.o
 .ARM.attributes
                0x00000000000001f2       0x34 ./Core/Src/system_stm32l4xx.o
 .ARM.attributes
                0x0000000000000226       0x34 ./Core/Src/tim.o
 .ARM.attributes
                0x000000000000025a       0x34 ./Core/Src/usart.o
 .ARM.attributes
                0x000000000000028e       0x21 ./Core/Startup/startup_stm32l452retx.o
 .ARM.attributes
                0x00000000000002af       0x34 ./Drivers/STM32L4xx_HAL_Driver/Src/stm32l4xx_hal.o
 .ARM.attributes
                0x00000000000002e3       0x34 ./Drivers/STM32L4xx_HAL_Driver/Src/stm32l4xx_hal_cortex.o
 .ARM.attributes
                0x0000000000000317       0x34 ./Drivers/STM32L4xx_HAL_Driver/Src/stm32l4xx_hal_crc.o
 .ARM.attributes
                0x000000000000034b       0x34 ./Drivers/STM32L4xx_HAL_Driver/Src/stm32l4xx_hal_crc_ex.o
 .ARM.attributes
                0x000000000000037f       0x34 ./Drivers/STM32L4xx_HAL_Driver/Src/stm32l4xx_hal_dma.o
 .ARM.attributes
                0x00000000000003b3       0x34 ./Drivers/STM32L4xx_HAL_Driver/Src/stm32l4xx_hal_gpio.o
 .ARM.attributes
                0x00000000000003e7       0x34 ./Drivers/STM32L4xx_HAL_Driver/Src/stm32l4xx_hal_i2c.o
 .ARM.attributes
                0x000000000000041b       0x34 ./Drivers/STM32L4xx_HAL_Driver/Src/stm32l4xx_hal_i2c_ex.o
 .ARM.attributes
                0x000000000000044f       0x34 ./Drivers/STM32L4xx_HAL_Driver/Src/stm32l4xx_hal_pcd.o
 .ARM.attributes
                0x0000000000000483       0x34 ./Drivers/STM32L4xx_HAL_Driver/Src/stm32l4xx_hal_pcd_ex.o
 .ARM.attributes
                0x00000000000004b7       0x34 ./Drivers/STM32L4xx_HAL_Driver/Src/stm32l4xx_hal_pwr_ex.o
 .ARM.attributes
                0x00000000000004eb       0x34 ./Drivers/STM32L4xx_HAL_Driver/Src/stm32l4xx_hal_rcc.o
 .ARM.attributes
                0x000000000000051f       0x34 ./Drivers/STM32L4xx_HAL_Driver/Src/stm32l4xx_hal_rcc_ex.o
 .ARM.attributes
                0x0000000000000553       0x34 ./Drivers/STM32L4xx_HAL_Driver/Src/stm32l4xx_hal_spi.o
 .ARM.attributes
                0x0000000000000587       0x34 ./Drivers/STM32L4xx_HAL_Driver/Src/stm32l4xx_hal_tim.o
 .ARM.attributes
                0x00000000000005bb       0x34 ./Drivers/STM32L4xx_HAL_Driver/Src/stm32l4xx_hal_tim_ex.o
 .ARM.attributes
                0x00000000000005ef       0x34 ./Drivers/STM32L4xx_HAL_Driver/Src/stm32l4xx_hal_uart.o
 .ARM.attributes
                0x0000000000000623       0x34 ./Drivers/STM32L4xx_HAL_Driver/Src/stm32l4xx_hal_uart_ex.o
 .ARM.attributes
                0x0000000000000657       0x34 ./Drivers/STM32L4xx_HAL_Driver/Src/stm32l4xx_ll_usb.o
 .ARM.attributes
                0x000000000000068b       0x34 ./Middlewares/ST/STM32_USB_Device_Library/Class/CDC/Src/usbd_cdc.o
 .ARM.attributes
                0x00000000000006bf       0x34 ./Middlewares/ST/STM32_USB_Device_Library/Core/Src/usbd_core.o
 .ARM.attributes
                0x00000000000006f3       0x34 ./Middlewares/ST/STM32_USB_Device_Library/Core/Src/usbd_ctlreq.o
 .ARM.attributes
                0x0000000000000727       0x34 ./Middlewares/ST/STM32_USB_Device_Library/Core/Src/usbd_ioreq.o
 .ARM.attributes
                0x000000000000075b       0x34 ./USB_DEVICE/App/usb_device.o
 .ARM.attributes
                0x000000000000078f       0x34 ./USB_DEVICE/App/usbd_cdc_if.o
 .ARM.attributes
                0x00000000000007c3       0x34 ./USB_DEVICE/App/usbd_desc.o
 .ARM.attributes
                0x00000000000007f7       0x34 ./USB_DEVICE/Target/usbd_conf.o
 .ARM.attributes
                0x000000000000082b       0x34 c:/st/stm32cubeide_1.9.0/stm32cubeide/plugins/com.st.stm32cube.ide.mcu.externaltools.gnu-tools-for-stm32.10.3-2021.10.win32_1.0.200.202301161003/tools/bin/../lib/gcc/arm-none-eabi/10.3.1/../../../../arm-none-eabi/lib/thumb/v7e-m+fp/hard\libc_nano.a(lib_a-init.o)
 .ARM.attributes
                0x000000000000085f       0x34 c:/st/stm32cubeide_1.9.0/stm32cubeide/plugins/com.st.stm32cube.ide.mcu.externaltools.gnu-tools-for-stm32.10.3-2021.10.win32_1.0.200.202301161003/tools/bin/../lib/gcc/arm-none-eabi/10.3.1/../../../../arm-none-eabi/lib/thumb/v7e-m+fp/hard\libc_nano.a(lib_a-memset.o)
 .ARM.attributes
                0x0000000000000893       0x1e c:/st/stm32cubeide_1.9.0/stm32cubeide/plugins/com.st.stm32cube.ide.mcu.externaltools.gnu-tools-for-stm32.10.3-2021.10.win32_1.0.200.202301161003/tools/bin/../lib/gcc/arm-none-eabi/10.3.1/thumb/v7e-m+fp/hard\libgcc.a(_aeabi_uldivmod.o)
 .ARM.attributes
                0x00000000000008b1       0x34 c:/st/stm32cubeide_1.9.0/stm32cubeide/plugins/com.st.stm32cube.ide.mcu.externaltools.gnu-tools-for-stm32.10.3-2021.10.win32_1.0.200.202301161003/tools/bin/../lib/gcc/arm-none-eabi/10.3.1/thumb/v7e-m+fp/hard\libgcc.a(_udivmoddi4.o)
 .ARM.attributes
                0x00000000000008e5       0x1e c:/st/stm32cubeide_1.9.0/stm32cubeide/plugins/com.st.stm32cube.ide.mcu.externaltools.gnu-tools-for-stm32.10.3-2021.10.win32_1.0.200.202301161003/tools/bin/../lib/gcc/arm-none-eabi/10.3.1/thumb/v7e-m+fp/hard\libgcc.a(_dvmd_tls.o)
 .ARM.attributes
                0x0000000000000903       0x1e c:/st/stm32cubeide_1.9.0/stm32cubeide/plugins/com.st.stm32cube.ide.mcu.externaltools.gnu-tools-for-stm32.10.3-2021.10.win32_1.0.200.202301161003/tools/bin/../lib/gcc/arm-none-eabi/10.3.1/thumb/v7e-m+fp/hard/crtn.o
OUTPUT(Uniplex.elf elf32-littlearm)
LOAD linker stubs
LOAD c:/st/stm32cubeide_1.9.0/stm32cubeide/plugins/com.st.stm32cube.ide.mcu.externaltools.gnu-tools-for-stm32.10.3-2021.10.win32_1.0.200.202301161003/tools/bin/../lib/gcc/arm-none-eabi/10.3.1/../../../../arm-none-eabi/lib/thumb/v7e-m+fp/hard\libc.a
LOAD c:/st/stm32cubeide_1.9.0/stm32cubeide/plugins/com.st.stm32cube.ide.mcu.externaltools.gnu-tools-for-stm32.10.3-2021.10.win32_1.0.200.202301161003/tools/bin/../lib/gcc/arm-none-eabi/10.3.1/../../../../arm-none-eabi/lib/thumb/v7e-m+fp/hard\libm.a
LOAD c:/st/stm32cubeide_1.9.0/stm32cubeide/plugins/com.st.stm32cube.ide.mcu.externaltools.gnu-tools-for-stm32.10.3-2021.10.win32_1.0.200.202301161003/tools/bin/../lib/gcc/arm-none-eabi/10.3.1/thumb/v7e-m+fp/hard\libgcc.a

.debug_info     0x0000000000000000    0x23069
 .debug_info    0x0000000000000000      0x5b2 ./Core/Src/crc.o
 .debug_info    0x00000000000005b2      0x526 ./Core/Src/dma.o
 .debug_info    0x0000000000000ad8      0x739 ./Core/Src/gpio.o
 .debug_info    0x0000000000001211      0xd12 ./Core/Src/i2c.o
 .debug_info    0x0000000000001f23      0x376 ./Core/Src/main.o
 .debug_info    0x0000000000002299      0xd1f ./Core/Src/spi.o
 .debug_info    0x0000000000002fb8      0x324 ./Core/Src/stm32l4xx_hal_msp.o
 .debug_info    0x00000000000032dc      0xfe2 ./Core/Src/stm32l4xx_it.o
 .debug_info    0x00000000000042be      0x5e2 ./Core/Src/system_stm32l4xx.o
 .debug_info    0x00000000000048a0      0xd1b ./Core/Src/tim.o
 .debug_info    0x00000000000055bb      0xfd6 ./Core/Src/usart.o
 .debug_info    0x0000000000006591       0x22 ./Core/Startup/startup_stm32l452retx.o
 .debug_info    0x00000000000065b3      0xb09 ./Drivers/STM32L4xx_HAL_Driver/Src/stm32l4xx_hal.o
 .debug_info    0x00000000000070bc      0xdd9 ./Drivers/STM32L4xx_HAL_Driver/Src/stm32l4xx_hal_cortex.o
 .debug_info    0x0000000000007e95      0x57c ./Drivers/STM32L4xx_HAL_Driver/Src/stm32l4xx_hal_crc.o
 .debug_info    0x0000000000008411      0x38f ./Drivers/STM32L4xx_HAL_Driver/Src/stm32l4xx_hal_crc_ex.o
 .debug_info    0x00000000000087a0      0x76a ./Drivers/STM32L4xx_HAL_Driver/Src/stm32l4xx_hal_dma.o
 .debug_info    0x0000000000008f0a      0x82f ./Drivers/STM32L4xx_HAL_Driver/Src/stm32l4xx_hal_gpio.o
 .debug_info    0x0000000000009739     0x2232 ./Drivers/STM32L4xx_HAL_Driver/Src/stm32l4xx_hal_i2c.o
 .debug_info    0x000000000000b96b      0xa61 ./Drivers/STM32L4xx_HAL_Driver/Src/stm32l4xx_hal_i2c_ex.o
 .debug_info    0x000000000000c3cc     0x180b ./Drivers/STM32L4xx_HAL_Driver/Src/stm32l4xx_hal_pcd.o
 .debug_info    0x000000000000dbd7      0x8cf ./Drivers/STM32L4xx_HAL_Driver/Src/stm32l4xx_hal_pcd_ex.o
 .debug_info    0x000000000000e4a6      0x96b ./Drivers/STM32L4xx_HAL_Driver/Src/stm32l4xx_hal_pwr_ex.o
 .debug_info    0x000000000000ee11      0xca5 ./Drivers/STM32L4xx_HAL_Driver/Src/stm32l4xx_hal_rcc.o
 .debug_info    0x000000000000fab6      0xfaa ./Drivers/STM32L4xx_HAL_Driver/Src/stm32l4xx_hal_rcc_ex.o
 .debug_info    0x0000000000010a60     0x1782 ./Drivers/STM32L4xx_HAL_Driver/Src/stm32l4xx_hal_spi.o
 .debug_info    0x00000000000121e2     0x2d04 ./Drivers/STM32L4xx_HAL_Driver/Src/stm32l4xx_hal_tim.o
 .debug_info    0x0000000000014ee6     0x17eb ./Drivers/STM32L4xx_HAL_Driver/Src/stm32l4xx_hal_tim_ex.o
 .debug_info    0x00000000000166d1     0x3d2a ./Drivers/STM32L4xx_HAL_Driver/Src/stm32l4xx_hal_uart.o
 .debug_info    0x000000000001a3fb      0xe37 ./Drivers/STM32L4xx_HAL_Driver/Src/stm32l4xx_hal_uart_ex.o
 .debug_info    0x000000000001b232     0x1925 ./Drivers/STM32L4xx_HAL_Driver/Src/stm32l4xx_ll_usb.o
 .debug_info    0x000000000001cb57     0x11ee ./Middlewares/ST/STM32_USB_Device_Library/Class/CDC/Src/usbd_cdc.o
 .debug_info    0x000000000001dd45      0xbcd ./Middlewares/ST/STM32_USB_Device_Library/Core/Src/usbd_core.o
 .debug_info    0x000000000001e912      0xae0 ./Middlewares/ST/STM32_USB_Device_Library/Core/Src/usbd_ctlreq.o
 .debug_info    0x000000000001f3f2      0x78f ./Middlewares/ST/STM32_USB_Device_Library/Core/Src/usbd_ioreq.o
 .debug_info    0x000000000001fb81      0x71f ./USB_DEVICE/App/usb_device.o
 .debug_info    0x00000000000202a0      0x925 ./USB_DEVICE/App/usbd_cdc_if.o
 .debug_info    0x0000000000020bc5      0x503 ./USB_DEVICE/App/usbd_desc.o
 .debug_info    0x00000000000210c8     0x1fa1 ./USB_DEVICE/Target/usbd_conf.o

.debug_abbrev   0x0000000000000000     0x4ced
 .debug_abbrev  0x0000000000000000      0x17c ./Core/Src/crc.o
 .debug_abbrev  0x000000000000017c       0xf8 ./Core/Src/dma.o
 .debug_abbrev  0x0000000000000274      0x14f ./Core/Src/gpio.o
 .debug_abbrev  0x00000000000003c3      0x217 ./Core/Src/i2c.o
 .debug_abbrev  0x00000000000005da      0x15f ./Core/Src/main.o
 .debug_abbrev  0x0000000000000739      0x1fc ./Core/Src/spi.o
 .debug_abbrev  0x0000000000000935       0xc2 ./Core/Src/stm32l4xx_hal_msp.o
 .debug_abbrev  0x00000000000009f7      0x1c3 ./Core/Src/stm32l4xx_it.o
 .debug_abbrev  0x0000000000000bba      0x116 ./Core/Src/system_stm32l4xx.o
 .debug_abbrev  0x0000000000000cd0      0x20b ./Core/Src/tim.o
 .debug_abbrev  0x0000000000000edb      0x1f0 ./Core/Src/usart.o
 .debug_abbrev  0x00000000000010cb       0x12 ./Core/Startup/startup_stm32l452retx.o
 .debug_abbrev  0x00000000000010dd      0x23a ./Drivers/STM32L4xx_HAL_Driver/Src/stm32l4xx_hal.o
 .debug_abbrev  0x0000000000001317      0x316 ./Drivers/STM32L4xx_HAL_Driver/Src/stm32l4xx_hal_cortex.o
 .debug_abbrev  0x000000000000162d      0x1d8 ./Drivers/STM32L4xx_HAL_Driver/Src/stm32l4xx_hal_crc.o
 .debug_abbrev  0x0000000000001805      0x146 ./Drivers/STM32L4xx_HAL_Driver/Src/stm32l4xx_hal_crc_ex.o
 .debug_abbrev  0x000000000000194b      0x1d7 ./Drivers/STM32L4xx_HAL_Driver/Src/stm32l4xx_hal_dma.o
 .debug_abbrev  0x0000000000001b22      0x1bb ./Drivers/STM32L4xx_HAL_Driver/Src/stm32l4xx_hal_gpio.o
 .debug_abbrev  0x0000000000001cdd      0x243 ./Drivers/STM32L4xx_HAL_Driver/Src/stm32l4xx_hal_i2c.o
 .debug_abbrev  0x0000000000001f20      0x1b0 ./Drivers/STM32L4xx_HAL_Driver/Src/stm32l4xx_hal_i2c_ex.o
 .debug_abbrev  0x00000000000020d0      0x2a1 ./Drivers/STM32L4xx_HAL_Driver/Src/stm32l4xx_hal_pcd.o
 .debug_abbrev  0x0000000000002371      0x1cc ./Drivers/STM32L4xx_HAL_Driver/Src/stm32l4xx_hal_pcd_ex.o
 .debug_abbrev  0x000000000000253d      0x1f3 ./Drivers/STM32L4xx_HAL_Driver/Src/stm32l4xx_hal_pwr_ex.o
 .debug_abbrev  0x0000000000002730      0x2bd ./Drivers/STM32L4xx_HAL_Driver/Src/stm32l4xx_hal_rcc.o
 .debug_abbrev  0x00000000000029ed      0x299 ./Drivers/STM32L4xx_HAL_Driver/Src/stm32l4xx_hal_rcc_ex.o
 .debug_abbrev  0x0000000000002c86      0x254 ./Drivers/STM32L4xx_HAL_Driver/Src/stm32l4xx_hal_spi.o
 .debug_abbrev  0x0000000000002eda      0x264 ./Drivers/STM32L4xx_HAL_Driver/Src/stm32l4xx_hal_tim.o
 .debug_abbrev  0x000000000000313e      0x26c ./Drivers/STM32L4xx_HAL_Driver/Src/stm32l4xx_hal_tim_ex.o
 .debug_abbrev  0x00000000000033aa      0x2bc ./Drivers/STM32L4xx_HAL_Driver/Src/stm32l4xx_hal_uart.o
 .debug_abbrev  0x0000000000003666      0x2ab ./Drivers/STM32L4xx_HAL_Driver/Src/stm32l4xx_hal_uart_ex.o
 .debug_abbrev  0x0000000000003911      0x1bc ./Drivers/STM32L4xx_HAL_Driver/Src/stm32l4xx_ll_usb.o
 .debug_abbrev  0x0000000000003acd      0x2a6 ./Middlewares/ST/STM32_USB_Device_Library/Class/CDC/Src/usbd_cdc.o
 .debug_abbrev  0x0000000000003d73      0x23d ./Middlewares/ST/STM32_USB_Device_Library/Core/Src/usbd_core.o
 .debug_abbrev  0x0000000000003fb0      0x26d ./Middlewares/ST/STM32_USB_Device_Library/Core/Src/usbd_ctlreq.o
 .debug_abbrev  0x000000000000421d      0x19b ./Middlewares/ST/STM32_USB_Device_Library/Core/Src/usbd_ioreq.o
 .debug_abbrev  0x00000000000043b8      0x19b ./USB_DEVICE/App/usb_device.o
 .debug_abbrev  0x0000000000004553      0x2a1 ./USB_DEVICE/App/usbd_cdc_if.o
 .debug_abbrev  0x00000000000047f4      0x1da ./USB_DEVICE/App/usbd_desc.o
 .debug_abbrev  0x00000000000049ce      0x31f ./USB_DEVICE/Target/usbd_conf.o

.debug_aranges  0x0000000000000000     0x1c48
 .debug_aranges
                0x0000000000000000       0x30 ./Core/Src/crc.o
 .debug_aranges
                0x0000000000000030       0x20 ./Core/Src/dma.o
 .debug_aranges
                0x0000000000000050       0x20 ./Core/Src/gpio.o
 .debug_aranges
                0x0000000000000070       0x38 ./Core/Src/i2c.o
 .debug_aranges
                0x00000000000000a8       0x30 ./Core/Src/main.o
 .debug_aranges
                0x00000000000000d8       0x38 ./Core/Src/spi.o
 .debug_aranges
                0x0000000000000110       0x20 ./Core/Src/stm32l4xx_hal_msp.o
 .debug_aranges
                0x0000000000000130       0xa0 ./Core/Src/stm32l4xx_it.o
 .debug_aranges
                0x00000000000001d0       0x28 ./Core/Src/system_stm32l4xx.o
 .debug_aranges
                0x00000000000001f8       0x38 ./Core/Src/tim.o
 .debug_aranges
                0x0000000000000230       0x40 ./Core/Src/usart.o
 .debug_aranges
                0x0000000000000270       0x28 ./Core/Startup/startup_stm32l452retx.o
 .debug_aranges
                0x0000000000000298      0x130 ./Drivers/STM32L4xx_HAL_Driver/Src/stm32l4xx_hal.o
 .debug_aranges
                0x00000000000003c8      0x118 ./Drivers/STM32L4xx_HAL_Driver/Src/stm32l4xx_hal_cortex.o
 .debug_aranges
                0x00000000000004e0       0x60 ./Drivers/STM32L4xx_HAL_Driver/Src/stm32l4xx_hal_crc.o
 .debug_aranges
                0x0000000000000540       0x30 ./Drivers/STM32L4xx_HAL_Driver/Src/stm32l4xx_hal_crc_ex.o
 .debug_aranges
                0x0000000000000570       0x80 ./Drivers/STM32L4xx_HAL_Driver/Src/stm32l4xx_hal_dma.o
 .debug_aranges
                0x00000000000005f0       0x58 ./Drivers/STM32L4xx_HAL_Driver/Src/stm32l4xx_hal_gpio.o
 .debug_aranges
                0x0000000000000648      0x2a0 ./Drivers/STM32L4xx_HAL_Driver/Src/stm32l4xx_hal_i2c.o
 .debug_aranges
                0x00000000000008e8       0x48 ./Drivers/STM32L4xx_HAL_Driver/Src/stm32l4xx_hal_i2c_ex.o
 .debug_aranges
                0x0000000000000930      0x138 ./Drivers/STM32L4xx_HAL_Driver/Src/stm32l4xx_hal_pcd.o
 .debug_aranges
                0x0000000000000a68       0x58 ./Drivers/STM32L4xx_HAL_Driver/Src/stm32l4xx_hal_pcd_ex.o
 .debug_aranges
                0x0000000000000ac0      0x128 ./Drivers/STM32L4xx_HAL_Driver/Src/stm32l4xx_hal_pwr_ex.o
 .debug_aranges
                0x0000000000000be8       0x90 ./Drivers/STM32L4xx_HAL_Driver/Src/stm32l4xx_hal_rcc.o
 .debug_aranges
                0x0000000000000c78       0xf0 ./Drivers/STM32L4xx_HAL_Driver/Src/stm32l4xx_hal_rcc_ex.o
 .debug_aranges
                0x0000000000000d68      0x1d8 ./Drivers/STM32L4xx_HAL_Driver/Src/stm32l4xx_hal_spi.o
 .debug_aranges
                0x0000000000000f40      0x3e0 ./Drivers/STM32L4xx_HAL_Driver/Src/stm32l4xx_hal_tim.o
 .debug_aranges
                0x0000000000001320      0x180 ./Drivers/STM32L4xx_HAL_Driver/Src/stm32l4xx_hal_tim_ex.o
 .debug_aranges
                0x00000000000014a0      0x228 ./Drivers/STM32L4xx_HAL_Driver/Src/stm32l4xx_hal_uart.o
 .debug_aranges
                0x00000000000016c8       0x78 ./Drivers/STM32L4xx_HAL_Driver/Src/stm32l4xx_hal_uart_ex.o
 .debug_aranges
                0x0000000000001740       0xf8 ./Drivers/STM32L4xx_HAL_Driver/Src/stm32l4xx_ll_usb.o
 .debug_aranges
                0x0000000000001838       0x90 ./Middlewares/ST/STM32_USB_Device_Library/Class/CDC/Src/usbd_cdc.o
 .debug_aranges
                0x00000000000018c8       0xb8 ./Middlewares/ST/STM32_USB_Device_Library/Core/Src/usbd_core.o
 .debug_aranges
                0x0000000000001980       0x90 ./Middlewares/ST/STM32_USB_Device_Library/Core/Src/usbd_ctlreq.o
 .debug_aranges
                0x0000000000001a10       0x50 ./Middlewares/ST/STM32_USB_Device_Library/Core/Src/usbd_ioreq.o
 .debug_aranges
                0x0000000000001a60       0x20 ./USB_DEVICE/App/usb_device.o
 .debug_aranges
                0x0000000000001a80       0x48 ./USB_DEVICE/App/usbd_cdc_if.o
 .debug_aranges
                0x0000000000001ac8       0x68 ./USB_DEVICE/App/usbd_desc.o
 .debug_aranges
                0x0000000000001b30      0x118 ./USB_DEVICE/Target/usbd_conf.o

.debug_ranges   0x0000000000000000     0x1a10
 .debug_ranges  0x0000000000000000       0x20 ./Core/Src/crc.o
 .debug_ranges  0x0000000000000020       0x10 ./Core/Src/dma.o
 .debug_ranges  0x0000000000000030       0x10 ./Core/Src/gpio.o
 .debug_ranges  0x0000000000000040       0x28 ./Core/Src/i2c.o
 .debug_ranges  0x0000000000000068       0x20 ./Core/Src/main.o
 .debug_ranges  0x0000000000000088       0x28 ./Core/Src/spi.o
 .debug_ranges  0x00000000000000b0       0x10 ./Core/Src/stm32l4xx_hal_msp.o
 .debug_ranges  0x00000000000000c0       0x90 ./Core/Src/stm32l4xx_it.o
 .debug_ranges  0x0000000000000150       0x18 ./Core/Src/system_stm32l4xx.o
 .debug_ranges  0x0000000000000168       0x28 ./Core/Src/tim.o
 .debug_ranges  0x0000000000000190       0x30 ./Core/Src/usart.o
 .debug_ranges  0x00000000000001c0       0x20 ./Core/Startup/startup_stm32l452retx.o
 .debug_ranges  0x00000000000001e0      0x120 ./Drivers/STM32L4xx_HAL_Driver/Src/stm32l4xx_hal.o
 .debug_ranges  0x0000000000000300      0x108 ./Drivers/STM32L4xx_HAL_Driver/Src/stm32l4xx_hal_cortex.o
 .debug_ranges  0x0000000000000408       0x50 ./Drivers/STM32L4xx_HAL_Driver/Src/stm32l4xx_hal_crc.o
 .debug_ranges  0x0000000000000458       0x20 ./Drivers/STM32L4xx_HAL_Driver/Src/stm32l4xx_hal_crc_ex.o
 .debug_ranges  0x0000000000000478       0x70 ./Drivers/STM32L4xx_HAL_Driver/Src/stm32l4xx_hal_dma.o
 .debug_ranges  0x00000000000004e8       0x48 ./Drivers/STM32L4xx_HAL_Driver/Src/stm32l4xx_hal_gpio.o
 .debug_ranges  0x0000000000000530      0x290 ./Drivers/STM32L4xx_HAL_Driver/Src/stm32l4xx_hal_i2c.o
 .debug_ranges  0x00000000000007c0       0x38 ./Drivers/STM32L4xx_HAL_Driver/Src/stm32l4xx_hal_i2c_ex.o
 .debug_ranges  0x00000000000007f8      0x128 ./Drivers/STM32L4xx_HAL_Driver/Src/stm32l4xx_hal_pcd.o
 .debug_ranges  0x0000000000000920       0x48 ./Drivers/STM32L4xx_HAL_Driver/Src/stm32l4xx_hal_pcd_ex.o
 .debug_ranges  0x0000000000000968      0x118 ./Drivers/STM32L4xx_HAL_Driver/Src/stm32l4xx_hal_pwr_ex.o
 .debug_ranges  0x0000000000000a80       0x80 ./Drivers/STM32L4xx_HAL_Driver/Src/stm32l4xx_hal_rcc.o
 .debug_ranges  0x0000000000000b00       0xe0 ./Drivers/STM32L4xx_HAL_Driver/Src/stm32l4xx_hal_rcc_ex.o
 .debug_ranges  0x0000000000000be0      0x1c8 ./Drivers/STM32L4xx_HAL_Driver/Src/stm32l4xx_hal_spi.o
 .debug_ranges  0x0000000000000da8      0x3d0 ./Drivers/STM32L4xx_HAL_Driver/Src/stm32l4xx_hal_tim.o
 .debug_ranges  0x0000000000001178      0x170 ./Drivers/STM32L4xx_HAL_Driver/Src/stm32l4xx_hal_tim_ex.o
 .debug_ranges  0x00000000000012e8      0x248 ./Drivers/STM32L4xx_HAL_Driver/Src/stm32l4xx_hal_uart.o
 .debug_ranges  0x0000000000001530       0x68 ./Drivers/STM32L4xx_HAL_Driver/Src/stm32l4xx_hal_uart_ex.o
 .debug_ranges  0x0000000000001598       0xe8 ./Drivers/STM32L4xx_HAL_Driver/Src/stm32l4xx_ll_usb.o
 .debug_ranges  0x0000000000001680       0x80 ./Middlewares/ST/STM32_USB_Device_Library/Class/CDC/Src/usbd_cdc.o
 .debug_ranges  0x0000000000001700       0xa8 ./Middlewares/ST/STM32_USB_Device_Library/Core/Src/usbd_core.o
 .debug_ranges  0x00000000000017a8       0x80 ./Middlewares/ST/STM32_USB_Device_Library/Core/Src/usbd_ctlreq.o
 .debug_ranges  0x0000000000001828       0x40 ./Middlewares/ST/STM32_USB_Device_Library/Core/Src/usbd_ioreq.o
 .debug_ranges  0x0000000000001868       0x10 ./USB_DEVICE/App/usb_device.o
 .debug_ranges  0x0000000000001878       0x38 ./USB_DEVICE/App/usbd_cdc_if.o
 .debug_ranges  0x00000000000018b0       0x58 ./USB_DEVICE/App/usbd_desc.o
 .debug_ranges  0x0000000000001908      0x108 ./USB_DEVICE/Target/usbd_conf.o

.debug_macro    0x0000000000000000    0x28c35
 .debug_macro   0x0000000000000000      0x23f ./Core/Src/crc.o
 .debug_macro   0x000000000000023f      0xa78 ./Core/Src/crc.o
 .debug_macro   0x0000000000000cb7      0x1bf ./Core/Src/crc.o
 .debug_macro   0x0000000000000e76       0x2e ./Core/Src/crc.o
 .debug_macro   0x0000000000000ea4       0x28 ./Core/Src/crc.o
 .debug_macro   0x0000000000000ecc       0x22 ./Core/Src/crc.o
 .debug_macro   0x0000000000000eee       0x8e ./Core/Src/crc.o
 .debug_macro   0x0000000000000f7c       0x51 ./Core/Src/crc.o
 .debug_macro   0x0000000000000fcd      0x103 ./Core/Src/crc.o
 .debug_macro   0x00000000000010d0       0x6a ./Core/Src/crc.o
 .debug_macro   0x000000000000113a      0x1df ./Core/Src/crc.o
 .debug_macro   0x0000000000001319       0x1c ./Core/Src/crc.o
 .debug_macro   0x0000000000001335       0x22 ./Core/Src/crc.o
 .debug_macro   0x0000000000001357       0xfb ./Core/Src/crc.o
 .debug_macro   0x0000000000001452     0x1011 ./Core/Src/crc.o
 .debug_macro   0x0000000000002463      0x11f ./Core/Src/crc.o
 .debug_macro   0x0000000000002582    0x16336 ./Core/Src/crc.o
 .debug_macro   0x00000000000188b8       0x6d ./Core/Src/crc.o
 .debug_macro   0x0000000000018925     0x38e6 ./Core/Src/crc.o
 .debug_macro   0x000000000001c20b      0x174 ./Core/Src/crc.o
 .debug_macro   0x000000000001c37f       0x5c ./Core/Src/crc.o
 .debug_macro   0x000000000001c3db     0x13fa ./Core/Src/crc.o
 .debug_macro   0x000000000001d7d5      0x646 ./Core/Src/crc.o
 .debug_macro   0x000000000001de1b      0x1b9 ./Core/Src/crc.o
 .debug_macro   0x000000000001dfd4      0x168 ./Core/Src/crc.o
 .debug_macro   0x000000000001e13c      0x26b ./Core/Src/crc.o
 .debug_macro   0x000000000001e3a7      0x23d ./Core/Src/crc.o
 .debug_macro   0x000000000001e5e4       0xc7 ./Core/Src/crc.o
 .debug_macro   0x000000000001e6ab       0x4c ./Core/Src/crc.o
 .debug_macro   0x000000000001e6f7      0x241 ./Core/Src/crc.o
 .debug_macro   0x000000000001e938      0x375 ./Core/Src/crc.o
 .debug_macro   0x000000000001ecad       0xd6 ./Core/Src/crc.o
 .debug_macro   0x000000000001ed83      0x22c ./Core/Src/crc.o
 .debug_macro   0x000000000001efaf       0x61 ./Core/Src/crc.o
 .debug_macro   0x000000000001f010       0xa5 ./Core/Src/crc.o
 .debug_macro   0x000000000001f0b5       0x73 ./Core/Src/crc.o
 .debug_macro   0x000000000001f128      0x234 ./Core/Src/crc.o
 .debug_macro   0x000000000001f35c      0x122 ./Core/Src/crc.o
 .debug_macro   0x000000000001f47e      0x364 ./Core/Src/crc.o
 .debug_macro   0x000000000001f7e2      0x2fe ./Core/Src/crc.o
 .debug_macro   0x000000000001fae0      0xa91 ./Core/Src/crc.o
 .debug_macro   0x0000000000020571      0x150 ./Core/Src/crc.o
 .debug_macro   0x00000000000206c1      0x5ba ./Core/Src/crc.o
 .debug_macro   0x0000000000020c7b       0x44 ./Core/Src/crc.o
 .debug_macro   0x0000000000020cbf      0x2eb ./Core/Src/crc.o
 .debug_macro   0x0000000000020faa      0x22f ./Core/Src/crc.o
 .debug_macro   0x00000000000211d9      0x23f ./Core/Src/dma.o
 .debug_macro   0x0000000000021418      0x23f ./Core/Src/gpio.o
 .debug_macro   0x0000000000021657      0x23f ./Core/Src/i2c.o
 .debug_macro   0x0000000000021896      0x46a ./Core/Src/main.o
 .debug_macro   0x0000000000021d00       0x52 ./Core/Src/main.o
 .debug_macro   0x0000000000021d52       0x1e ./Core/Src/main.o
 .debug_macro   0x0000000000021d70       0x3c ./Core/Src/main.o
 .debug_macro   0x0000000000021dac       0x34 ./Core/Src/main.o
 .debug_macro   0x0000000000021de0       0x16 ./Core/Src/main.o
 .debug_macro   0x0000000000021df6       0x35 ./Core/Src/main.o
 .debug_macro   0x0000000000021e2b      0x341 ./Core/Src/main.o
 .debug_macro   0x000000000002216c       0x10 ./Core/Src/main.o
 .debug_macro   0x000000000002217c       0x16 ./Core/Src/main.o
 .debug_macro   0x0000000000022192       0x43 ./Core/Src/main.o
 .debug_macro   0x00000000000221d5       0x34 ./Core/Src/main.o
 .debug_macro   0x0000000000022209       0x10 ./Core/Src/main.o
 .debug_macro   0x0000000000022219       0x58 ./Core/Src/main.o